core_cm4.h:1452:22:NVIC_EnableIRQ	16	static
core_cm4.h:1535:22:NVIC_SetPriority	16	static
main.c:23:6:EXTI0_IRQHandler	8	static
main.c:34:6:print_message	24	static
main.c:47:5:main	16	static
main.c:66:6:Task1Handler	32	static
main.c:94:6:Task2Handler	32	static
main.c:121:6:Sys_Config	8	static
main.c:128:6:GPIO_Config	16	static
main.c:157:6:USART_Config	24	static
main.c:176:6:EXTI_Config	16	static
main.c:196:6:EVAL_AUDIO_TransferComplete_CallBack	16	static
main.c:202:10:EVAL_AUDIO_GetSampleCallBack	4	static
