core_cm4.h:1452:22:NVIC_EnableIRQ	16	static
core_cm4.h:1493:22:NVIC_SetPendingIRQ	16	static
core_cm4.h:1535:22:NVIC_SetPriority	16	static
main.c:25:6:printMessage	24	static
main.c:34:5:main	16	static
main.c:61:6:Software_Interrupt_Config	8	static
main.c:69:6:EXTI15_10_IRQnHandler	24	static
main.c:86:6:Handler_Task	32	static
main.c:97:6:Periodic_Task_Handler	32	static
main.c:115:6:Sys_Config	8	static
main.c:122:6:GPIO_Config	16	static
main.c:143:6:USART_Config	24	static
main.c:169:6:EVAL_AUDIO_TransferComplete_CallBack	16	static
main.c:175:10:EVAL_AUDIO_GetSampleCallBack	4	static
