Info: Nothing to build for idle_hook_kullanimi_freertos
Info: Nothing to build for idle_hook_kullanimi_freertos
Info: Nothing to build for idle_hook_kullanimi_freertos
11:09:30 **** Incremental Build of configuration Debug for project idle_hook_kullanimi_freertos ****
Info: Internal Builder is used for build
arm-atollic-eabi-gcc -c ..\src\main.c -mthumb -mcpu=cortex-m4 -mfloat-abi=hard -mfpu=fpv4-sp-d16 -std=gnu11 -DSTM32F4XX -DSTM32F40XX -DUSE_STDPERIPH_DRIVER -DUSE_STM32F4_DISCOVERY -DHSE_VALUE=8000000 -I../src -IC:\Users\ahmet\Atollic\TrueSTUDIO\STM32_workspace_9.3\idle_hook_kullanimi_freertos\FreeRTOSConfig -IC:\Users\ahmet\Atollic\TrueSTUDIO\STM32_workspace_9.3\idle_hook_kullanimi_freertos\MiddleWares\Third_Party\FreeRTOS\org\Source\include -IC:\Users\ahmet\Atollic\TrueSTUDIO\STM32_workspace_9.3\idle_hook_kullanimi_freertos\MiddleWares\Third_Party\FreeRTOS\org\Source\portable\GCC\ARM_CM4F -IC:\Users\ahmet\Atollic\TrueSTUDIO\STM32_workspace_9.3\idle_hook_kullanimi_freertos\MiddleWares\Third_Party\FreeRTOS\org\Source\portable\MemMang -IC:\Users\ahmet\Atollic\TrueSTUDIO\STM32_workspace_9.3\idle_hook_kullanimi_freertos\FreeRTOSConfig -I../Libraries/CMSIS/Include -I../Libraries/Device/STM32F4xx/Include -I../Libraries/STM32F4xx_StdPeriph_Driver/inc -I../Utilities/STM32F4-Discovery -O0 -ffunction-sections -fdata-sections -g -fstack-usage -Wall -specs=nano.specs -o src\main.o 
arm-atollic-eabi-gcc -o idle_hook_kullanimi_freertos.elf Libraries\STM32F4xx_StdPeriph_Driver\src\misc.o Libraries\STM32F4xx_StdPeriph_Driver\src\stm32f4xx_adc.o Libraries\STM32F4xx_StdPeriph_Driver\src\stm32f4xx_can.o Libraries\STM32F4xx_StdPeriph_Driver\src\stm32f4xx_crc.o Libraries\STM32F4xx_StdPeriph_Driver\src\stm32f4xx_cryp.o Libraries\STM32F4xx_StdPeriph_Driver\src\stm32f4xx_cryp_aes.o Libraries\STM32F4xx_StdPeriph_Driver\src\stm32f4xx_cryp_des.o Libraries\STM32F4xx_StdPeriph_Driver\src\stm32f4xx_cryp_tdes.o Libraries\STM32F4xx_StdPeriph_Driver\src\stm32f4xx_dac.o Libraries\STM32F4xx_StdPeriph_Driver\src\stm32f4xx_dbgmcu.o Libraries\STM32F4xx_StdPeriph_Driver\src\stm32f4xx_dcmi.o Libraries\STM32F4xx_StdPeriph_Driver\src\stm32f4xx_dma.o Libraries\STM32F4xx_StdPeriph_Driver\src\stm32f4xx_exti.o Libraries\STM32F4xx_StdPeriph_Driver\src\stm32f4xx_flash.o Libraries\STM32F4xx_StdPeriph_Driver\src\stm32f4xx_fsmc.o Libraries\STM32F4xx_StdPeriph_Driver\src\stm32f4xx_gpio.o Libraries\STM32F4xx_StdPeriph_Driver\src\stm32f4xx_hash.o Libraries\STM32F4xx_StdPeriph_Driver\src\stm32f4xx_hash_md5.o Libraries\STM32F4xx_StdPeriph_Driver\src\stm32f4xx_hash_sha1.o Libraries\STM32F4xx_StdPeriph_Driver\src\stm32f4xx_i2c.o Libraries\STM32F4xx_StdPeriph_Driver\src\stm32f4xx_iwdg.o Libraries\STM32F4xx_StdPeriph_Driver\src\stm32f4xx_pwr.o Libraries\STM32F4xx_StdPeriph_Driver\src\stm32f4xx_rcc.o Libraries\STM32F4xx_StdPeriph_Driver\src\stm32f4xx_rng.o Libraries\STM32F4xx_StdPeriph_Driver\src\stm32f4xx_rtc.o Libraries\STM32F4xx_StdPeriph_Driver\src\stm32f4xx_sdio.o Libraries\STM32F4xx_StdPeriph_Driver\src\stm32f4xx_spi.o Libraries\STM32F4xx_StdPeriph_Driver\src\stm32f4xx_syscfg.o Libraries\STM32F4xx_StdPeriph_Driver\src\stm32f4xx_tim.o Libraries\STM32F4xx_StdPeriph_Driver\src\stm32f4xx_usart.o Libraries\STM32F4xx_StdPeriph_Driver\src\stm32f4xx_wwdg.o MiddleWares\Third_Party\FreeRTOS\org\Source\croutine.o MiddleWares\Third_Party\FreeRTOS\org\Source\event_groups.o MiddleWares\Third_Party\FreeRTOS\org\Source\list.o MiddleWares\Third_Party\FreeRTOS\org\Source\portable\GCC\ARM_CM4F\port.o MiddleWares\Third_Party\FreeRTOS\org\Source\portable\MemMang\heap_4.o MiddleWares\Third_Party\FreeRTOS\org\Source\queue.o MiddleWares\Third_Party\FreeRTOS\org\Source\stream_buffer.o MiddleWares\Third_Party\FreeRTOS\org\Source\tasks.o MiddleWares\Third_Party\FreeRTOS\org\Source\timers.o Utilities\STM32F4-Discovery\stm32f4_discovery.o Utilities\STM32F4-Discovery\stm32f4_discovery_audio_codec.o Utilities\STM32F4-Discovery\stm32f4_discovery_lis302dl.o src\main.o src\startup_stm32f40xx.o src\stm32f4xx_it.o src\system_stm32f4xx.o src\tiny_printf.o -mthumb -mcpu=cortex-m4 -mfloat-abi=hard -mfpu=fpv4-sp-d16 -T../stm32f4_flash.ld -specs=nosys.specs -static -Wl,-cref,-u,Reset_Handler -Wl,-Map=idle_hook_kullanimi_freertos.map -Wl,--gc-sections -Wl,--defsym=malloc_getpagesize_P=0x80 -Wl,--start-group -lc -lm -Wl,--end-group -specs=nano.specs 
C:\Program Files (x86)\Atollic\TrueSTUDIO for STM32 9.3.0\ide\jre\bin\java -jar C:\Program Files (x86)\Atollic\TrueSTUDIO for STM32 9.3.0\Tools\arm-atollic-reports.jar sizeinfo list idle_hook_kullanimi_freertos.elf 
Generate build reports...
Print size information
   text	   data	    bss	    dec	    hex	filename
  12072	     52	  78408	  90532	  161a4	idle_hook_kullanimi_freertos.elf
Print size information done
Generate listing file
Output sent to: idle_hook_kullanimi_freertos.list
Generate listing file done
Generate build reports done
12:34:49 **** Rebuild of configuration Debug for project Queue_kullanimi_freertos ****
Info: Internal Builder is used for build
arm-atollic-eabi-gcc -c ..\Libraries\STM32F4xx_StdPeriph_Driver\src\stm32f4xx_dbgmcu.c -mthumb -mcpu=cortex-m4 -mfloat-abi=hard -mfpu=fpv4-sp-d16 -std=gnu11 -DSTM32F4XX -DSTM32F40XX -DUSE_STDPERIPH_DRIVER -DUSE_STM32F4_DISCOVERY -DHSE_VALUE=8000000 -I../src -I../Libraries/CMSIS/Include -I../Libraries/Device/STM32F4xx/Include -I../Libraries/STM32F4xx_StdPeriph_Driver/inc -I../Utilities/STM32F4-Discovery -O0 -ffunction-sections -fdata-sections -g -fstack-usage -Wall -specs=nano.specs -o Libraries\STM32F4xx_StdPeriph_Driver\src\stm32f4xx_dbgmcu.o 
arm-atollic-eabi-gcc -c -mthumb -mcpu=cortex-m4 -mfloat-abi=hard -mfpu=fpv4-sp-d16 -DSTM32F4XX -DSTM32F40XX -DUSE_STDPERIPH_DRIVER -DUSE_STM32F4_DISCOVERY -DHSE_VALUE=8000000 -I../src -I../Libraries/CMSIS/Include -I../Libraries/Device/STM32F4xx/Include -I../Libraries/STM32F4xx_StdPeriph_Driver/inc -I../Utilities/STM32F4-Discovery -g -Wa,--warn -x assembler-with-cpp -specs=nano.specs -o src\startup_stm32f40xx.o ..\src\startup_stm32f40xx.s 
arm-atollic-eabi-gcc -c ..\Libraries\STM32F4xx_StdPeriph_Driver\src\stm32f4xx_hash_md5.c -mthumb -mcpu=cortex-m4 -mfloat-abi=hard -mfpu=fpv4-sp-d16 -std=gnu11 -DSTM32F4XX -DSTM32F40XX -DUSE_STDPERIPH_DRIVER -DUSE_STM32F4_DISCOVERY -DHSE_VALUE=8000000 -I../src -I../Libraries/CMSIS/Include -I../Libraries/Device/STM32F4xx/Include -I../Libraries/STM32F4xx_StdPeriph_Driver/inc -I../Utilities/STM32F4-Discovery -O0 -ffunction-sections -fdata-sections -g -fstack-usage -Wall -specs=nano.specs -o Libraries\STM32F4xx_StdPeriph_Driver\src\stm32f4xx_hash_md5.o 
arm-atollic-eabi-gcc -c ..\Libraries\STM32F4xx_StdPeriph_Driver\src\stm32f4xx_rng.c -mthumb -mcpu=cortex-m4 -mfloat-abi=hard -mfpu=fpv4-sp-d16 -std=gnu11 -DSTM32F4XX -DSTM32F40XX -DUSE_STDPERIPH_DRIVER -DUSE_STM32F4_DISCOVERY -DHSE_VALUE=8000000 -I../src -I../Libraries/CMSIS/Include -I../Libraries/Device/STM32F4xx/Include -I../Libraries/STM32F4xx_StdPeriph_Driver/inc -I../Utilities/STM32F4-Discovery -O0 -ffunction-sections -fdata-sections -g -fstack-usage -Wall -specs=nano.specs -o Libraries\STM32F4xx_StdPeriph_Driver\src\stm32f4xx_rng.o 
arm-atollic-eabi-gcc -c ..\Utilities\STM32F4-Discovery\stm32f4_discovery_audio_codec.c -mthumb -mcpu=cortex-m4 -mfloat-abi=hard -mfpu=fpv4-sp-d16 -std=gnu11 -DSTM32F4XX -DSTM32F40XX -DUSE_STDPERIPH_DRIVER -DUSE_STM32F4_DISCOVERY -DHSE_VALUE=8000000 -I../src -I../Libraries/CMSIS/Include -I../Libraries/Device/STM32F4xx/Include -I../Libraries/STM32F4xx_StdPeriph_Driver/inc -I../Utilities/STM32F4-Discovery -O0 -ffunction-sections -fdata-sections -g -fstack-usage -Wall -specs=nano.specs -o Utilities\STM32F4-Discovery\stm32f4_discovery_audio_codec.o 
arm-atollic-eabi-gcc -c ..\Libraries\STM32F4xx_StdPeriph_Driver\src\stm32f4xx_crc.c -mthumb -mcpu=cortex-m4 -mfloat-abi=hard -mfpu=fpv4-sp-d16 -std=gnu11 -DSTM32F4XX -DSTM32F40XX -DUSE_STDPERIPH_DRIVER -DUSE_STM32F4_DISCOVERY -DHSE_VALUE=8000000 -I../src -I../Libraries/CMSIS/Include -I../Libraries/Device/STM32F4xx/Include -I../Libraries/STM32F4xx_StdPeriph_Driver/inc -I../Utilities/STM32F4-Discovery -O0 -ffunction-sections -fdata-sections -g -fstack-usage -Wall -specs=nano.specs -o Libraries\STM32F4xx_StdPeriph_Driver\src\stm32f4xx_crc.o 
arm-atollic-eabi-gcc -c ..\Libraries\STM32F4xx_StdPeriph_Driver\src\misc.c -mthumb -mcpu=cortex-m4 -mfloat-abi=hard -mfpu=fpv4-sp-d16 -std=gnu11 -DSTM32F4XX -DSTM32F40XX -DUSE_STDPERIPH_DRIVER -DUSE_STM32F4_DISCOVERY -DHSE_VALUE=8000000 -I../src -I../Libraries/CMSIS/Include -I../Libraries/Device/STM32F4xx/Include -I../Libraries/STM32F4xx_StdPeriph_Driver/inc -I../Utilities/STM32F4-Discovery -O0 -ffunction-sections -fdata-sections -g -fstack-usage -Wall -specs=nano.specs -o Libraries\STM32F4xx_StdPeriph_Driver\src\misc.o 
arm-atollic-eabi-gcc -c ..\Libraries\STM32F4xx_StdPeriph_Driver\src\stm32f4xx_cryp.c -mthumb -mcpu=cortex-m4 -mfloat-abi=hard -mfpu=fpv4-sp-d16 -std=gnu11 -DSTM32F4XX -DSTM32F40XX -DUSE_STDPERIPH_DRIVER -DUSE_STM32F4_DISCOVERY -DHSE_VALUE=8000000 -I../src -I../Libraries/CMSIS/Include -I../Libraries/Device/STM32F4xx/Include -I../Libraries/STM32F4xx_StdPeriph_Driver/inc -I../Utilities/STM32F4-Discovery -O0 -ffunction-sections -fdata-sections -g -fstack-usage -Wall -specs=nano.specs -o Libraries\STM32F4xx_StdPeriph_Driver\src\stm32f4xx_cryp.o 
arm-atollic-eabi-gcc -c ..\Utilities\STM32F4-Discovery\stm32f4_discovery_lis302dl.c -mthumb -mcpu=cortex-m4 -mfloat-abi=hard -mfpu=fpv4-sp-d16 -std=gnu11 -DSTM32F4XX -DSTM32F40XX -DUSE_STDPERIPH_DRIVER -DUSE_STM32F4_DISCOVERY -DHSE_VALUE=8000000 -I../src -I../Libraries/CMSIS/Include -I../Libraries/Device/STM32F4xx/Include -I../Libraries/STM32F4xx_StdPeriph_Driver/inc -I../Utilities/STM32F4-Discovery -O0 -ffunction-sections -fdata-sections -g -fstack-usage -Wall -specs=nano.specs -o Utilities\STM32F4-Discovery\stm32f4_discovery_lis302dl.o 
arm-atollic-eabi-gcc -c ..\Libraries\STM32F4xx_StdPeriph_Driver\src\stm32f4xx_dma.c -mthumb -mcpu=cortex-m4 -mfloat-abi=hard -mfpu=fpv4-sp-d16 -std=gnu11 -DSTM32F4XX -DSTM32F40XX -DUSE_STDPERIPH_DRIVER -DUSE_STM32F4_DISCOVERY -DHSE_VALUE=8000000 -I../src -I../Libraries/CMSIS/Include -I../Libraries/Device/STM32F4xx/Include -I../Libraries/STM32F4xx_StdPeriph_Driver/inc -I../Utilities/STM32F4-Discovery -O0 -ffunction-sections -fdata-sections -g -fstack-usage -Wall -specs=nano.specs -o Libraries\STM32F4xx_StdPeriph_Driver\src\stm32f4xx_dma.o 
arm-atollic-eabi-gcc -c ..\Libraries\STM32F4xx_StdPeriph_Driver\src\stm32f4xx_tim.c -mthumb -mcpu=cortex-m4 -mfloat-abi=hard -mfpu=fpv4-sp-d16 -std=gnu11 -DSTM32F4XX -DSTM32F40XX -DUSE_STDPERIPH_DRIVER -DUSE_STM32F4_DISCOVERY -DHSE_VALUE=8000000 -I../src -I../Libraries/CMSIS/Include -I../Libraries/Device/STM32F4xx/Include -I../Libraries/STM32F4xx_StdPeriph_Driver/inc -I../Utilities/STM32F4-Discovery -O0 -ffunction-sections -fdata-sections -g -fstack-usage -Wall -specs=nano.specs -o Libraries\STM32F4xx_StdPeriph_Driver\src\stm32f4xx_tim.o 
arm-atollic-eabi-gcc -c ..\Libraries\STM32F4xx_StdPeriph_Driver\src\stm32f4xx_rtc.c -mthumb -mcpu=cortex-m4 -mfloat-abi=hard -mfpu=fpv4-sp-d16 -std=gnu11 -DSTM32F4XX -DSTM32F40XX -DUSE_STDPERIPH_DRIVER -DUSE_STM32F4_DISCOVERY -DHSE_VALUE=8000000 -I../src -I../Libraries/CMSIS/Include -I../Libraries/Device/STM32F4xx/Include -I../Libraries/STM32F4xx_StdPeriph_Driver/inc -I../Utilities/STM32F4-Discovery -O0 -ffunction-sections -fdata-sections -g -fstack-usage -Wall -specs=nano.specs -o Libraries\STM32F4xx_StdPeriph_Driver\src\stm32f4xx_rtc.o 
arm-atollic-eabi-gcc -c ..\src\main.c -mthumb -mcpu=cortex-m4 -mfloat-abi=hard -mfpu=fpv4-sp-d16 -std=gnu11 -DSTM32F4XX -DSTM32F40XX -DUSE_STDPERIPH_DRIVER -DUSE_STM32F4_DISCOVERY -DHSE_VALUE=8000000 -I../src -I../Libraries/CMSIS/Include -I../Libraries/Device/STM32F4xx/Include -I../Libraries/STM32F4xx_StdPeriph_Driver/inc -I../Utilities/STM32F4-Discovery -O0 -ffunction-sections -fdata-sections -g -fstack-usage -Wall -specs=nano.specs -o src\main.o 
arm-atollic-eabi-gcc -c ..\Libraries\STM32F4xx_StdPeriph_Driver\src\stm32f4xx_syscfg.c -mthumb -mcpu=cortex-m4 -mfloat-abi=hard -mfpu=fpv4-sp-d16 -std=gnu11 -DSTM32F4XX -DSTM32F40XX -DUSE_STDPERIPH_DRIVER -DUSE_STM32F4_DISCOVERY -DHSE_VALUE=8000000 -I../src -I../Libraries/CMSIS/Include -I../Libraries/Device/STM32F4xx/Include -I../Libraries/STM32F4xx_StdPeriph_Driver/inc -I../Utilities/STM32F4-Discovery -O0 -ffunction-sections -fdata-sections -g -fstack-usage -Wall -specs=nano.specs -o Libraries\STM32F4xx_StdPeriph_Driver\src\stm32f4xx_syscfg.o 
arm-atollic-eabi-gcc -c ..\src\system_stm32f4xx.c -mthumb -mcpu=cortex-m4 -mfloat-abi=hard -mfpu=fpv4-sp-d16 -std=gnu11 -DSTM32F4XX -DSTM32F40XX -DUSE_STDPERIPH_DRIVER -DUSE_STM32F4_DISCOVERY -DHSE_VALUE=8000000 -I../src -I../Libraries/CMSIS/Include -I../Libraries/Device/STM32F4xx/Include -I../Libraries/STM32F4xx_StdPeriph_Driver/inc -I../Utilities/STM32F4-Discovery -O0 -ffunction-sections -fdata-sections -g -fstack-usage -Wall -specs=nano.specs -o src\system_stm32f4xx.o 
..\src\system_stm32f4xx.c: In function 'SetSysClock':
..\src\system_stm32f4xx.c:399:5: warning: this 'while' clause does not guard... [-Wmisleading-indentation]
     while ((RCC->CFGR & (uint32_t)RCC_CFGR_SWS ) != RCC_CFGR_SWS_PLL);
     ^~~~~
..\src\system_stm32f4xx.c:400:5: note: ...this statement, but the latter is misleadingly indented as if it is guarded by the 'while'
     {
     ^
arm-atollic-eabi-gcc -c ..\Libraries\STM32F4xx_StdPeriph_Driver\src\stm32f4xx_iwdg.c -mthumb -mcpu=cortex-m4 -mfloat-abi=hard -mfpu=fpv4-sp-d16 -std=gnu11 -DSTM32F4XX -DSTM32F40XX -DUSE_STDPERIPH_DRIVER -DUSE_STM32F4_DISCOVERY -DHSE_VALUE=8000000 -I../src -I../Libraries/CMSIS/Include -I../Libraries/Device/STM32F4xx/Include -I../Libraries/STM32F4xx_StdPeriph_Driver/inc -I../Utilities/STM32F4-Discovery -O0 -ffunction-sections -fdata-sections -g -fstack-usage -Wall -specs=nano.specs -o Libraries\STM32F4xx_StdPeriph_Driver\src\stm32f4xx_iwdg.o 
arm-atollic-eabi-gcc -c ..\Libraries\STM32F4xx_StdPeriph_Driver\src\stm32f4xx_rcc.c -mthumb -mcpu=cortex-m4 -mfloat-abi=hard -mfpu=fpv4-sp-d16 -std=gnu11 -DSTM32F4XX -DSTM32F40XX -DUSE_STDPERIPH_DRIVER -DUSE_STM32F4_DISCOVERY -DHSE_VALUE=8000000 -I../src -I../Libraries/CMSIS/Include -I../Libraries/Device/STM32F4xx/Include -I../Libraries/STM32F4xx_StdPeriph_Driver/inc -I../Utilities/STM32F4-Discovery -O0 -ffunction-sections -fdata-sections -g -fstack-usage -Wall -specs=nano.specs -o Libraries\STM32F4xx_StdPeriph_Driver\src\stm32f4xx_rcc.o 
arm-atollic-eabi-gcc -c ..\Libraries\STM32F4xx_StdPeriph_Driver\src\stm32f4xx_hash.c -mthumb -mcpu=cortex-m4 -mfloat-abi=hard -mfpu=fpv4-sp-d16 -std=gnu11 -DSTM32F4XX -DSTM32F40XX -DUSE_STDPERIPH_DRIVER -DUSE_STM32F4_DISCOVERY -DHSE_VALUE=8000000 -I../src -I../Libraries/CMSIS/Include -I../Libraries/Device/STM32F4xx/Include -I../Libraries/STM32F4xx_StdPeriph_Driver/inc -I../Utilities/STM32F4-Discovery -O0 -ffunction-sections -fdata-sections -g -fstack-usage -Wall -specs=nano.specs -o Libraries\STM32F4xx_StdPeriph_Driver\src\stm32f4xx_hash.o 
arm-atollic-eabi-gcc -c ..\Utilities\STM32F4-Discovery\stm32f4_discovery.c -mthumb -mcpu=cortex-m4 -mfloat-abi=hard -mfpu=fpv4-sp-d16 -std=gnu11 -DSTM32F4XX -DSTM32F40XX -DUSE_STDPERIPH_DRIVER -DUSE_STM32F4_DISCOVERY -DHSE_VALUE=8000000 -I../src -I../Libraries/CMSIS/Include -I../Libraries/Device/STM32F4xx/Include -I../Libraries/STM32F4xx_StdPeriph_Driver/inc -I../Utilities/STM32F4-Discovery -O0 -ffunction-sections -fdata-sections -g -fstack-usage -Wall -specs=nano.specs -o Utilities\STM32F4-Discovery\stm32f4_discovery.o 
arm-atollic-eabi-gcc -c ..\Libraries\STM32F4xx_StdPeriph_Driver\src\stm32f4xx_cryp_des.c -mthumb -mcpu=cortex-m4 -mfloat-abi=hard -mfpu=fpv4-sp-d16 -std=gnu11 -DSTM32F4XX -DSTM32F40XX -DUSE_STDPERIPH_DRIVER -DUSE_STM32F4_DISCOVERY -DHSE_VALUE=8000000 -I../src -I../Libraries/CMSIS/Include -I../Libraries/Device/STM32F4xx/Include -I../Libraries/STM32F4xx_StdPeriph_Driver/inc -I../Utilities/STM32F4-Discovery -O0 -ffunction-sections -fdata-sections -g -fstack-usage -Wall -specs=nano.specs -o Libraries\STM32F4xx_StdPeriph_Driver\src\stm32f4xx_cryp_des.o 
arm-atollic-eabi-gcc -c ..\Libraries\STM32F4xx_StdPeriph_Driver\src\stm32f4xx_usart.c -mthumb -mcpu=cortex-m4 -mfloat-abi=hard -mfpu=fpv4-sp-d16 -std=gnu11 -DSTM32F4XX -DSTM32F40XX -DUSE_STDPERIPH_DRIVER -DUSE_STM32F4_DISCOVERY -DHSE_VALUE=8000000 -I../src -I../Libraries/CMSIS/Include -I../Libraries/Device/STM32F4xx/Include -I../Libraries/STM32F4xx_StdPeriph_Driver/inc -I../Utilities/STM32F4-Discovery -O0 -ffunction-sections -fdata-sections -g -fstack-usage -Wall -specs=nano.specs -o Libraries\STM32F4xx_StdPeriph_Driver\src\stm32f4xx_usart.o 
arm-atollic-eabi-gcc -c ..\src\stm32f4xx_it.c -mthumb -mcpu=cortex-m4 -mfloat-abi=hard -mfpu=fpv4-sp-d16 -std=gnu11 -DSTM32F4XX -DSTM32F40XX -DUSE_STDPERIPH_DRIVER -DUSE_STM32F4_DISCOVERY -DHSE_VALUE=8000000 -I../src -I../Libraries/CMSIS/Include -I../Libraries/Device/STM32F4xx/Include -I../Libraries/STM32F4xx_StdPeriph_Driver/inc -I../Utilities/STM32F4-Discovery -O0 -ffunction-sections -fdata-sections -g -fstack-usage -Wall -specs=nano.specs -o src\stm32f4xx_it.o 
arm-atollic-eabi-gcc -c ..\Libraries\STM32F4xx_StdPeriph_Driver\src\stm32f4xx_pwr.c -mthumb -mcpu=cortex-m4 -mfloat-abi=hard -mfpu=fpv4-sp-d16 -std=gnu11 -DSTM32F4XX -DSTM32F40XX -DUSE_STDPERIPH_DRIVER -DUSE_STM32F4_DISCOVERY -DHSE_VALUE=8000000 -I../src -I../Libraries/CMSIS/Include -I../Libraries/Device/STM32F4xx/Include -I../Libraries/STM32F4xx_StdPeriph_Driver/inc -I../Utilities/STM32F4-Discovery -O0 -ffunction-sections -fdata-sections -g -fstack-usage -Wall -specs=nano.specs -o Libraries\STM32F4xx_StdPeriph_Driver\src\stm32f4xx_pwr.o 
arm-atollic-eabi-gcc -c ..\Libraries\STM32F4xx_StdPeriph_Driver\src\stm32f4xx_sdio.c -mthumb -mcpu=cortex-m4 -mfloat-abi=hard -mfpu=fpv4-sp-d16 -std=gnu11 -DSTM32F4XX -DSTM32F40XX -DUSE_STDPERIPH_DRIVER -DUSE_STM32F4_DISCOVERY -DHSE_VALUE=8000000 -I../src -I../Libraries/CMSIS/Include -I../Libraries/Device/STM32F4xx/Include -I../Libraries/STM32F4xx_StdPeriph_Driver/inc -I../Utilities/STM32F4-Discovery -O0 -ffunction-sections -fdata-sections -g -fstack-usage -Wall -specs=nano.specs -o Libraries\STM32F4xx_StdPeriph_Driver\src\stm32f4xx_sdio.o 
arm-atollic-eabi-gcc -c ..\Libraries\STM32F4xx_StdPeriph_Driver\src\stm32f4xx_dac.c -mthumb -mcpu=cortex-m4 -mfloat-abi=hard -mfpu=fpv4-sp-d16 -std=gnu11 -DSTM32F4XX -DSTM32F40XX -DUSE_STDPERIPH_DRIVER -DUSE_STM32F4_DISCOVERY -DHSE_VALUE=8000000 -I../src -I../Libraries/CMSIS/Include -I../Libraries/Device/STM32F4xx/Include -I../Libraries/STM32F4xx_StdPeriph_Driver/inc -I../Utilities/STM32F4-Discovery -O0 -ffunction-sections -fdata-sections -g -fstack-usage -Wall -specs=nano.specs -o Libraries\STM32F4xx_StdPeriph_Driver\src\stm32f4xx_dac.o 
arm-atollic-eabi-gcc -c ..\Libraries\STM32F4xx_StdPeriph_Driver\src\stm32f4xx_gpio.c -mthumb -mcpu=cortex-m4 -mfloat-abi=hard -mfpu=fpv4-sp-d16 -std=gnu11 -DSTM32F4XX -DSTM32F40XX -DUSE_STDPERIPH_DRIVER -DUSE_STM32F4_DISCOVERY -DHSE_VALUE=8000000 -I../src -I../Libraries/CMSIS/Include -I../Libraries/Device/STM32F4xx/Include -I../Libraries/STM32F4xx_StdPeriph_Driver/inc -I../Utilities/STM32F4-Discovery -O0 -ffunction-sections -fdata-sections -g -fstack-usage -Wall -specs=nano.specs -o Libraries\STM32F4xx_StdPeriph_Driver\src\stm32f4xx_gpio.o 
arm-atollic-eabi-gcc -c ..\Libraries\STM32F4xx_StdPeriph_Driver\src\stm32f4xx_cryp_tdes.c -mthumb -mcpu=cortex-m4 -mfloat-abi=hard -mfpu=fpv4-sp-d16 -std=gnu11 -DSTM32F4XX -DSTM32F40XX -DUSE_STDPERIPH_DRIVER -DUSE_STM32F4_DISCOVERY -DHSE_VALUE=8000000 -I../src -I../Libraries/CMSIS/Include -I../Libraries/Device/STM32F4xx/Include -I../Libraries/STM32F4xx_StdPeriph_Driver/inc -I../Utilities/STM32F4-Discovery -O0 -ffunction-sections -fdata-sections -g -fstack-usage -Wall -specs=nano.specs -o Libraries\STM32F4xx_StdPeriph_Driver\src\stm32f4xx_cryp_tdes.o 
arm-atollic-eabi-gcc -c ..\Libraries\STM32F4xx_StdPeriph_Driver\src\stm32f4xx_flash.c -mthumb -mcpu=cortex-m4 -mfloat-abi=hard -mfpu=fpv4-sp-d16 -std=gnu11 -DSTM32F4XX -DSTM32F40XX -DUSE_STDPERIPH_DRIVER -DUSE_STM32F4_DISCOVERY -DHSE_VALUE=8000000 -I../src -I../Libraries/CMSIS/Include -I../Libraries/Device/STM32F4xx/Include -I../Libraries/STM32F4xx_StdPeriph_Driver/inc -I../Utilities/STM32F4-Discovery -O0 -ffunction-sections -fdata-sections -g -fstack-usage -Wall -specs=nano.specs -o Libraries\STM32F4xx_StdPeriph_Driver\src\stm32f4xx_flash.o 
arm-atollic-eabi-gcc -c ..\Libraries\STM32F4xx_StdPeriph_Driver\src\stm32f4xx_exti.c -mthumb -mcpu=cortex-m4 -mfloat-abi=hard -mfpu=fpv4-sp-d16 -std=gnu11 -DSTM32F4XX -DSTM32F40XX -DUSE_STDPERIPH_DRIVER -DUSE_STM32F4_DISCOVERY -DHSE_VALUE=8000000 -I../src -I../Libraries/CMSIS/Include -I../Libraries/Device/STM32F4xx/Include -I../Libraries/STM32F4xx_StdPeriph_Driver/inc -I../Utilities/STM32F4-Discovery -O0 -ffunction-sections -fdata-sections -g -fstack-usage -Wall -specs=nano.specs -o Libraries\STM32F4xx_StdPeriph_Driver\src\stm32f4xx_exti.o 
arm-atollic-eabi-gcc -c ..\Libraries\STM32F4xx_StdPeriph_Driver\src\stm32f4xx_wwdg.c -mthumb -mcpu=cortex-m4 -mfloat-abi=hard -mfpu=fpv4-sp-d16 -std=gnu11 -DSTM32F4XX -DSTM32F40XX -DUSE_STDPERIPH_DRIVER -DUSE_STM32F4_DISCOVERY -DHSE_VALUE=8000000 -I../src -I../Libraries/CMSIS/Include -I../Libraries/Device/STM32F4xx/Include -I../Libraries/STM32F4xx_StdPeriph_Driver/inc -I../Utilities/STM32F4-Discovery -O0 -ffunction-sections -fdata-sections -g -fstack-usage -Wall -specs=nano.specs -o Libraries\STM32F4xx_StdPeriph_Driver\src\stm32f4xx_wwdg.o 
arm-atollic-eabi-gcc -c ..\Libraries\STM32F4xx_StdPeriph_Driver\src\stm32f4xx_hash_sha1.c -mthumb -mcpu=cortex-m4 -mfloat-abi=hard -mfpu=fpv4-sp-d16 -std=gnu11 -DSTM32F4XX -DSTM32F40XX -DUSE_STDPERIPH_DRIVER -DUSE_STM32F4_DISCOVERY -DHSE_VALUE=8000000 -I../src -I../Libraries/CMSIS/Include -I../Libraries/Device/STM32F4xx/Include -I../Libraries/STM32F4xx_StdPeriph_Driver/inc -I../Utilities/STM32F4-Discovery -O0 -ffunction-sections -fdata-sections -g -fstack-usage -Wall -specs=nano.specs -o Libraries\STM32F4xx_StdPeriph_Driver\src\stm32f4xx_hash_sha1.o 
arm-atollic-eabi-gcc -c ..\Libraries\STM32F4xx_StdPeriph_Driver\src\stm32f4xx_spi.c -mthumb -mcpu=cortex-m4 -mfloat-abi=hard -mfpu=fpv4-sp-d16 -std=gnu11 -DSTM32F4XX -DSTM32F40XX -DUSE_STDPERIPH_DRIVER -DUSE_STM32F4_DISCOVERY -DHSE_VALUE=8000000 -I../src -I../Libraries/CMSIS/Include -I../Libraries/Device/STM32F4xx/Include -I../Libraries/STM32F4xx_StdPeriph_Driver/inc -I../Utilities/STM32F4-Discovery -O0 -ffunction-sections -fdata-sections -g -fstack-usage -Wall -specs=nano.specs -o Libraries\STM32F4xx_StdPeriph_Driver\src\stm32f4xx_spi.o 
arm-atollic-eabi-gcc -c ..\Libraries\STM32F4xx_StdPeriph_Driver\src\stm32f4xx_can.c -mthumb -mcpu=cortex-m4 -mfloat-abi=hard -mfpu=fpv4-sp-d16 -std=gnu11 -DSTM32F4XX -DSTM32F40XX -DUSE_STDPERIPH_DRIVER -DUSE_STM32F4_DISCOVERY -DHSE_VALUE=8000000 -I../src -I../Libraries/CMSIS/Include -I../Libraries/Device/STM32F4xx/Include -I../Libraries/STM32F4xx_StdPeriph_Driver/inc -I../Utilities/STM32F4-Discovery -O0 -ffunction-sections -fdata-sections -g -fstack-usage -Wall -specs=nano.specs -o Libraries\STM32F4xx_StdPeriph_Driver\src\stm32f4xx_can.o 
arm-atollic-eabi-gcc -c ..\Libraries\STM32F4xx_StdPeriph_Driver\src\stm32f4xx_adc.c -mthumb -mcpu=cortex-m4 -mfloat-abi=hard -mfpu=fpv4-sp-d16 -std=gnu11 -DSTM32F4XX -DSTM32F40XX -DUSE_STDPERIPH_DRIVER -DUSE_STM32F4_DISCOVERY -DHSE_VALUE=8000000 -I../src -I../Libraries/CMSIS/Include -I../Libraries/Device/STM32F4xx/Include -I../Libraries/STM32F4xx_StdPeriph_Driver/inc -I../Utilities/STM32F4-Discovery -O0 -ffunction-sections -fdata-sections -g -fstack-usage -Wall -specs=nano.specs -o Libraries\STM32F4xx_StdPeriph_Driver\src\stm32f4xx_adc.o 
arm-atollic-eabi-gcc -c ..\src\tiny_printf.c -mthumb -mcpu=cortex-m4 -mfloat-abi=hard -mfpu=fpv4-sp-d16 -std=gnu11 -DSTM32F4XX -DSTM32F40XX -DUSE_STDPERIPH_DRIVER -DUSE_STM32F4_DISCOVERY -DHSE_VALUE=8000000 -I../src -I../Libraries/CMSIS/Include -I../Libraries/Device/STM32F4xx/Include -I../Libraries/STM32F4xx_StdPeriph_Driver/inc -I../Utilities/STM32F4-Discovery -O0 -ffunction-sections -fdata-sections -g -fstack-usage -Wall -specs=nano.specs -o src\tiny_printf.o 
arm-atollic-eabi-gcc -c ..\Libraries\STM32F4xx_StdPeriph_Driver\src\stm32f4xx_cryp_aes.c -mthumb -mcpu=cortex-m4 -mfloat-abi=hard -mfpu=fpv4-sp-d16 -std=gnu11 -DSTM32F4XX -DSTM32F40XX -DUSE_STDPERIPH_DRIVER -DUSE_STM32F4_DISCOVERY -DHSE_VALUE=8000000 -I../src -I../Libraries/CMSIS/Include -I../Libraries/Device/STM32F4xx/Include -I../Libraries/STM32F4xx_StdPeriph_Driver/inc -I../Utilities/STM32F4-Discovery -O0 -ffunction-sections -fdata-sections -g -fstack-usage -Wall -specs=nano.specs -o Libraries\STM32F4xx_StdPeriph_Driver\src\stm32f4xx_cryp_aes.o 
arm-atollic-eabi-gcc -c ..\Libraries\STM32F4xx_StdPeriph_Driver\src\stm32f4xx_dcmi.c -mthumb -mcpu=cortex-m4 -mfloat-abi=hard -mfpu=fpv4-sp-d16 -std=gnu11 -DSTM32F4XX -DSTM32F40XX -DUSE_STDPERIPH_DRIVER -DUSE_STM32F4_DISCOVERY -DHSE_VALUE=8000000 -I../src -I../Libraries/CMSIS/Include -I../Libraries/Device/STM32F4xx/Include -I../Libraries/STM32F4xx_StdPeriph_Driver/inc -I../Utilities/STM32F4-Discovery -O0 -ffunction-sections -fdata-sections -g -fstack-usage -Wall -specs=nano.specs -o Libraries\STM32F4xx_StdPeriph_Driver\src\stm32f4xx_dcmi.o 
arm-atollic-eabi-gcc -c ..\Libraries\STM32F4xx_StdPeriph_Driver\src\stm32f4xx_fsmc.c -mthumb -mcpu=cortex-m4 -mfloat-abi=hard -mfpu=fpv4-sp-d16 -std=gnu11 -DSTM32F4XX -DSTM32F40XX -DUSE_STDPERIPH_DRIVER -DUSE_STM32F4_DISCOVERY -DHSE_VALUE=8000000 -I../src -I../Libraries/CMSIS/Include -I../Libraries/Device/STM32F4xx/Include -I../Libraries/STM32F4xx_StdPeriph_Driver/inc -I../Utilities/STM32F4-Discovery -O0 -ffunction-sections -fdata-sections -g -fstack-usage -Wall -specs=nano.specs -o Libraries\STM32F4xx_StdPeriph_Driver\src\stm32f4xx_fsmc.o 
arm-atollic-eabi-gcc -c ..\Libraries\STM32F4xx_StdPeriph_Driver\src\stm32f4xx_i2c.c -mthumb -mcpu=cortex-m4 -mfloat-abi=hard -mfpu=fpv4-sp-d16 -std=gnu11 -DSTM32F4XX -DSTM32F40XX -DUSE_STDPERIPH_DRIVER -DUSE_STM32F4_DISCOVERY -DHSE_VALUE=8000000 -I../src -I../Libraries/CMSIS/Include -I../Libraries/Device/STM32F4xx/Include -I../Libraries/STM32F4xx_StdPeriph_Driver/inc -I../Utilities/STM32F4-Discovery -O0 -ffunction-sections -fdata-sections -g -fstack-usage -Wall -specs=nano.specs -o Libraries\STM32F4xx_StdPeriph_Driver\src\stm32f4xx_i2c.o 
arm-atollic-eabi-gcc -o Queue_kullanimi_freertos.elf Libraries\STM32F4xx_StdPeriph_Driver\src\misc.o Libraries\STM32F4xx_StdPeriph_Driver\src\stm32f4xx_adc.o Libraries\STM32F4xx_StdPeriph_Driver\src\stm32f4xx_can.o Libraries\STM32F4xx_StdPeriph_Driver\src\stm32f4xx_crc.o Libraries\STM32F4xx_StdPeriph_Driver\src\stm32f4xx_cryp.o Libraries\STM32F4xx_StdPeriph_Driver\src\stm32f4xx_cryp_aes.o Libraries\STM32F4xx_StdPeriph_Driver\src\stm32f4xx_cryp_des.o Libraries\STM32F4xx_StdPeriph_Driver\src\stm32f4xx_cryp_tdes.o Libraries\STM32F4xx_StdPeriph_Driver\src\stm32f4xx_dac.o Libraries\STM32F4xx_StdPeriph_Driver\src\stm32f4xx_dbgmcu.o Libraries\STM32F4xx_StdPeriph_Driver\src\stm32f4xx_dcmi.o Libraries\STM32F4xx_StdPeriph_Driver\src\stm32f4xx_dma.o Libraries\STM32F4xx_StdPeriph_Driver\src\stm32f4xx_exti.o Libraries\STM32F4xx_StdPeriph_Driver\src\stm32f4xx_flash.o Libraries\STM32F4xx_StdPeriph_Driver\src\stm32f4xx_fsmc.o Libraries\STM32F4xx_StdPeriph_Driver\src\stm32f4xx_gpio.o Libraries\STM32F4xx_StdPeriph_Driver\src\stm32f4xx_hash.o Libraries\STM32F4xx_StdPeriph_Driver\src\stm32f4xx_hash_md5.o Libraries\STM32F4xx_StdPeriph_Driver\src\stm32f4xx_hash_sha1.o Libraries\STM32F4xx_StdPeriph_Driver\src\stm32f4xx_i2c.o Libraries\STM32F4xx_StdPeriph_Driver\src\stm32f4xx_iwdg.o Libraries\STM32F4xx_StdPeriph_Driver\src\stm32f4xx_pwr.o Libraries\STM32F4xx_StdPeriph_Driver\src\stm32f4xx_rcc.o Libraries\STM32F4xx_StdPeriph_Driver\src\stm32f4xx_rng.o Libraries\STM32F4xx_StdPeriph_Driver\src\stm32f4xx_rtc.o Libraries\STM32F4xx_StdPeriph_Driver\src\stm32f4xx_sdio.o Libraries\STM32F4xx_StdPeriph_Driver\src\stm32f4xx_spi.o Libraries\STM32F4xx_StdPeriph_Driver\src\stm32f4xx_syscfg.o Libraries\STM32F4xx_StdPeriph_Driver\src\stm32f4xx_tim.o Libraries\STM32F4xx_StdPeriph_Driver\src\stm32f4xx_usart.o Libraries\STM32F4xx_StdPeriph_Driver\src\stm32f4xx_wwdg.o Utilities\STM32F4-Discovery\stm32f4_discovery.o Utilities\STM32F4-Discovery\stm32f4_discovery_audio_codec.o Utilities\STM32F4-Discovery\stm32f4_discovery_lis302dl.o src\main.o src\startup_stm32f40xx.o src\stm32f4xx_it.o src\system_stm32f4xx.o src\tiny_printf.o -mthumb -mcpu=cortex-m4 -mfloat-abi=hard -mfpu=fpv4-sp-d16 -T../stm32f4_flash.ld -specs=nosys.specs -static -Wl,-cref,-u,Reset_Handler -Wl,-Map=Queue_kullanimi_freertos.map -Wl,--gc-sections -Wl,--defsym=malloc_getpagesize_P=0x80 -Wl,--start-group -lc -lm -Wl,--end-group -specs=nano.specs 
C:\Program Files (x86)\Atollic\TrueSTUDIO for STM32 9.3.0\ide\jre\bin\java -jar C:\Program Files (x86)\Atollic\TrueSTUDIO for STM32 9.3.0\Tools\arm-atollic-reports.jar sizeinfo list Queue_kullanimi_freertos.elf 
Generate build reports...
Print size information
   text	   data	    bss	    dec	    hex	filename
   2688	     40	   1176	   3904	    f40	Queue_kullanimi_freertos.elf
Print size information done
Generate listing file
Output sent to: Queue_kullanimi_freertos.list
Generate listing file done
Generate build reports done
12:37:36 **** Incremental Build of configuration Debug for project Blocking_delays_freertos ****
Info: Internal Builder is used for build
arm-atollic-eabi-gcc -c ..\MiddleWares\Third_Party\FreeRTOS\org\Source\stream_buffer.c -mthumb -mcpu=cortex-m4 -mfloat-abi=hard -mfpu=fpv4-sp-d16 -std=gnu11 -DSTM32F4XX -DSTM32F40XX -DUSE_STDPERIPH_DRIVER -DUSE_STM32F4_DISCOVERY -DHSE_VALUE=8000000 -I../src -IC:\Users\ahmet\Atollic\TrueSTUDIO\STM32_workspace_9.3\Blocking_delays_freertos\FreeRTOSConfig -IC:\Users\ahmet\Atollic\TrueSTUDIO\STM32_workspace_9.3\Blocking_delays_freertos\MiddleWares\Third_Party\FreeRTOS\org\Source\include -IC:\Users\ahmet\Atollic\TrueSTUDIO\STM32_workspace_9.3\Blocking_delays_freertos\MiddleWares\Third_Party\FreeRTOS\org\Source\portable\GCC\ARM_CM4F -IC:\Users\ahmet\Atollic\TrueSTUDIO\STM32_workspace_9.3\Blocking_delays_freertos\MiddleWares\Third_Party\FreeRTOS\org\Source\portable\MemMang -I../Libraries/CMSIS/Include -I../Libraries/Device/STM32F4xx/Include -I../Libraries/STM32F4xx_StdPeriph_Driver/inc -I../Utilities/STM32F4-Discovery -O0 -ffunction-sections -fdata-sections -g -fstack-usage -Wall -specs=nano.specs -o MiddleWares\Third_Party\FreeRTOS\org\Source\stream_buffer.o 
arm-atollic-eabi-gcc -c ..\MiddleWares\Third_Party\FreeRTOS\org\Source\portable\GCC\ARM_CM4F\port.c -mthumb -mcpu=cortex-m4 -mfloat-abi=hard -mfpu=fpv4-sp-d16 -std=gnu11 -DSTM32F4XX -DSTM32F40XX -DUSE_STDPERIPH_DRIVER -DUSE_STM32F4_DISCOVERY -DHSE_VALUE=8000000 -I../src -IC:\Users\ahmet\Atollic\TrueSTUDIO\STM32_workspace_9.3\Blocking_delays_freertos\FreeRTOSConfig -IC:\Users\ahmet\Atollic\TrueSTUDIO\STM32_workspace_9.3\Blocking_delays_freertos\MiddleWares\Third_Party\FreeRTOS\org\Source\include -IC:\Users\ahmet\Atollic\TrueSTUDIO\STM32_workspace_9.3\Blocking_delays_freertos\MiddleWares\Third_Party\FreeRTOS\org\Source\portable\GCC\ARM_CM4F -IC:\Users\ahmet\Atollic\TrueSTUDIO\STM32_workspace_9.3\Blocking_delays_freertos\MiddleWares\Third_Party\FreeRTOS\org\Source\portable\MemMang -I../Libraries/CMSIS/Include -I../Libraries/Device/STM32F4xx/Include -I../Libraries/STM32F4xx_StdPeriph_Driver/inc -I../Utilities/STM32F4-Discovery -O0 -ffunction-sections -fdata-sections -g -fstack-usage -Wall -specs=nano.specs -o MiddleWares\Third_Party\FreeRTOS\org\Source\portable\GCC\ARM_CM4F\port.o 
arm-atollic-eabi-gcc -c ..\MiddleWares\Third_Party\FreeRTOS\org\Source\list.c -mthumb -mcpu=cortex-m4 -mfloat-abi=hard -mfpu=fpv4-sp-d16 -std=gnu11 -DSTM32F4XX -DSTM32F40XX -DUSE_STDPERIPH_DRIVER -DUSE_STM32F4_DISCOVERY -DHSE_VALUE=8000000 -I../src -IC:\Users\ahmet\Atollic\TrueSTUDIO\STM32_workspace_9.3\Blocking_delays_freertos\FreeRTOSConfig -IC:\Users\ahmet\Atollic\TrueSTUDIO\STM32_workspace_9.3\Blocking_delays_freertos\MiddleWares\Third_Party\FreeRTOS\org\Source\include -IC:\Users\ahmet\Atollic\TrueSTUDIO\STM32_workspace_9.3\Blocking_delays_freertos\MiddleWares\Third_Party\FreeRTOS\org\Source\portable\GCC\ARM_CM4F -IC:\Users\ahmet\Atollic\TrueSTUDIO\STM32_workspace_9.3\Blocking_delays_freertos\MiddleWares\Third_Party\FreeRTOS\org\Source\portable\MemMang -I../Libraries/CMSIS/Include -I../Libraries/Device/STM32F4xx/Include -I../Libraries/STM32F4xx_StdPeriph_Driver/inc -I../Utilities/STM32F4-Discovery -O0 -ffunction-sections -fdata-sections -g -fstack-usage -Wall -specs=nano.specs -o MiddleWares\Third_Party\FreeRTOS\org\Source\list.o 
arm-atollic-eabi-gcc -c ..\MiddleWares\Third_Party\FreeRTOS\org\Source\tasks.c -mthumb -mcpu=cortex-m4 -mfloat-abi=hard -mfpu=fpv4-sp-d16 -std=gnu11 -DSTM32F4XX -DSTM32F40XX -DUSE_STDPERIPH_DRIVER -DUSE_STM32F4_DISCOVERY -DHSE_VALUE=8000000 -I../src -IC:\Users\ahmet\Atollic\TrueSTUDIO\STM32_workspace_9.3\Blocking_delays_freertos\FreeRTOSConfig -IC:\Users\ahmet\Atollic\TrueSTUDIO\STM32_workspace_9.3\Blocking_delays_freertos\MiddleWares\Third_Party\FreeRTOS\org\Source\include -IC:\Users\ahmet\Atollic\TrueSTUDIO\STM32_workspace_9.3\Blocking_delays_freertos\MiddleWares\Third_Party\FreeRTOS\org\Source\portable\GCC\ARM_CM4F -IC:\Users\ahmet\Atollic\TrueSTUDIO\STM32_workspace_9.3\Blocking_delays_freertos\MiddleWares\Third_Party\FreeRTOS\org\Source\portable\MemMang -I../Libraries/CMSIS/Include -I../Libraries/Device/STM32F4xx/Include -I../Libraries/STM32F4xx_StdPeriph_Driver/inc -I../Utilities/STM32F4-Discovery -O0 -ffunction-sections -fdata-sections -g -fstack-usage -Wall -specs=nano.specs -o MiddleWares\Third_Party\FreeRTOS\org\Source\tasks.o 
arm-atollic-eabi-gcc -c ..\MiddleWares\Third_Party\FreeRTOS\org\Source\portable\MemMang\heap_4.c -mthumb -mcpu=cortex-m4 -mfloat-abi=hard -mfpu=fpv4-sp-d16 -std=gnu11 -DSTM32F4XX -DSTM32F40XX -DUSE_STDPERIPH_DRIVER -DUSE_STM32F4_DISCOVERY -DHSE_VALUE=8000000 -I../src -IC:\Users\ahmet\Atollic\TrueSTUDIO\STM32_workspace_9.3\Blocking_delays_freertos\FreeRTOSConfig -IC:\Users\ahmet\Atollic\TrueSTUDIO\STM32_workspace_9.3\Blocking_delays_freertos\MiddleWares\Third_Party\FreeRTOS\org\Source\include -IC:\Users\ahmet\Atollic\TrueSTUDIO\STM32_workspace_9.3\Blocking_delays_freertos\MiddleWares\Third_Party\FreeRTOS\org\Source\portable\GCC\ARM_CM4F -IC:\Users\ahmet\Atollic\TrueSTUDIO\STM32_workspace_9.3\Blocking_delays_freertos\MiddleWares\Third_Party\FreeRTOS\org\Source\portable\MemMang -I../Libraries/CMSIS/Include -I../Libraries/Device/STM32F4xx/Include -I../Libraries/STM32F4xx_StdPeriph_Driver/inc -I../Utilities/STM32F4-Discovery -O0 -ffunction-sections -fdata-sections -g -fstack-usage -Wall -specs=nano.specs -o MiddleWares\Third_Party\FreeRTOS\org\Source\portable\MemMang\heap_4.o 
arm-atollic-eabi-gcc -c ..\src\main.c -mthumb -mcpu=cortex-m4 -mfloat-abi=hard -mfpu=fpv4-sp-d16 -std=gnu11 -DSTM32F4XX -DSTM32F40XX -DUSE_STDPERIPH_DRIVER -DUSE_STM32F4_DISCOVERY -DHSE_VALUE=8000000 -I../src -IC:\Users\ahmet\Atollic\TrueSTUDIO\STM32_workspace_9.3\Blocking_delays_freertos\FreeRTOSConfig -IC:\Users\ahmet\Atollic\TrueSTUDIO\STM32_workspace_9.3\Blocking_delays_freertos\MiddleWares\Third_Party\FreeRTOS\org\Source\include -IC:\Users\ahmet\Atollic\TrueSTUDIO\STM32_workspace_9.3\Blocking_delays_freertos\MiddleWares\Third_Party\FreeRTOS\org\Source\portable\GCC\ARM_CM4F -IC:\Users\ahmet\Atollic\TrueSTUDIO\STM32_workspace_9.3\Blocking_delays_freertos\MiddleWares\Third_Party\FreeRTOS\org\Source\portable\MemMang -I../Libraries/CMSIS/Include -I../Libraries/Device/STM32F4xx/Include -I../Libraries/STM32F4xx_StdPeriph_Driver/inc -I../Utilities/STM32F4-Discovery -O0 -ffunction-sections -fdata-sections -g -fstack-usage -Wall -specs=nano.specs -o src\main.o 
arm-atollic-eabi-gcc -c ..\MiddleWares\Third_Party\FreeRTOS\org\Source\queue.c -mthumb -mcpu=cortex-m4 -mfloat-abi=hard -mfpu=fpv4-sp-d16 -std=gnu11 -DSTM32F4XX -DSTM32F40XX -DUSE_STDPERIPH_DRIVER -DUSE_STM32F4_DISCOVERY -DHSE_VALUE=8000000 -I../src -IC:\Users\ahmet\Atollic\TrueSTUDIO\STM32_workspace_9.3\Blocking_delays_freertos\FreeRTOSConfig -IC:\Users\ahmet\Atollic\TrueSTUDIO\STM32_workspace_9.3\Blocking_delays_freertos\MiddleWares\Third_Party\FreeRTOS\org\Source\include -IC:\Users\ahmet\Atollic\TrueSTUDIO\STM32_workspace_9.3\Blocking_delays_freertos\MiddleWares\Third_Party\FreeRTOS\org\Source\portable\GCC\ARM_CM4F -IC:\Users\ahmet\Atollic\TrueSTUDIO\STM32_workspace_9.3\Blocking_delays_freertos\MiddleWares\Third_Party\FreeRTOS\org\Source\portable\MemMang -I../Libraries/CMSIS/Include -I../Libraries/Device/STM32F4xx/Include -I../Libraries/STM32F4xx_StdPeriph_Driver/inc -I../Utilities/STM32F4-Discovery -O0 -ffunction-sections -fdata-sections -g -fstack-usage -Wall -specs=nano.specs -o MiddleWares\Third_Party\FreeRTOS\org\Source\queue.o 
arm-atollic-eabi-gcc -c ..\MiddleWares\Third_Party\FreeRTOS\org\Source\event_groups.c -mthumb -mcpu=cortex-m4 -mfloat-abi=hard -mfpu=fpv4-sp-d16 -std=gnu11 -DSTM32F4XX -DSTM32F40XX -DUSE_STDPERIPH_DRIVER -DUSE_STM32F4_DISCOVERY -DHSE_VALUE=8000000 -I../src -IC:\Users\ahmet\Atollic\TrueSTUDIO\STM32_workspace_9.3\Blocking_delays_freertos\FreeRTOSConfig -IC:\Users\ahmet\Atollic\TrueSTUDIO\STM32_workspace_9.3\Blocking_delays_freertos\MiddleWares\Third_Party\FreeRTOS\org\Source\include -IC:\Users\ahmet\Atollic\TrueSTUDIO\STM32_workspace_9.3\Blocking_delays_freertos\MiddleWares\Third_Party\FreeRTOS\org\Source\portable\GCC\ARM_CM4F -IC:\Users\ahmet\Atollic\TrueSTUDIO\STM32_workspace_9.3\Blocking_delays_freertos\MiddleWares\Third_Party\FreeRTOS\org\Source\portable\MemMang -I../Libraries/CMSIS/Include -I../Libraries/Device/STM32F4xx/Include -I../Libraries/STM32F4xx_StdPeriph_Driver/inc -I../Utilities/STM32F4-Discovery -O0 -ffunction-sections -fdata-sections -g -fstack-usage -Wall -specs=nano.specs -o MiddleWares\Third_Party\FreeRTOS\org\Source\event_groups.o 
arm-atollic-eabi-gcc -c ..\MiddleWares\Third_Party\FreeRTOS\org\Source\timers.c -mthumb -mcpu=cortex-m4 -mfloat-abi=hard -mfpu=fpv4-sp-d16 -std=gnu11 -DSTM32F4XX -DSTM32F40XX -DUSE_STDPERIPH_DRIVER -DUSE_STM32F4_DISCOVERY -DHSE_VALUE=8000000 -I../src -IC:\Users\ahmet\Atollic\TrueSTUDIO\STM32_workspace_9.3\Blocking_delays_freertos\FreeRTOSConfig -IC:\Users\ahmet\Atollic\TrueSTUDIO\STM32_workspace_9.3\Blocking_delays_freertos\MiddleWares\Third_Party\FreeRTOS\org\Source\include -IC:\Users\ahmet\Atollic\TrueSTUDIO\STM32_workspace_9.3\Blocking_delays_freertos\MiddleWares\Third_Party\FreeRTOS\org\Source\portable\GCC\ARM_CM4F -IC:\Users\ahmet\Atollic\TrueSTUDIO\STM32_workspace_9.3\Blocking_delays_freertos\MiddleWares\Third_Party\FreeRTOS\org\Source\portable\MemMang -I../Libraries/CMSIS/Include -I../Libraries/Device/STM32F4xx/Include -I../Libraries/STM32F4xx_StdPeriph_Driver/inc -I../Utilities/STM32F4-Discovery -O0 -ffunction-sections -fdata-sections -g -fstack-usage -Wall -specs=nano.specs -o MiddleWares\Third_Party\FreeRTOS\org\Source\timers.o 
arm-atollic-eabi-gcc -c ..\MiddleWares\Third_Party\FreeRTOS\org\Source\croutine.c -mthumb -mcpu=cortex-m4 -mfloat-abi=hard -mfpu=fpv4-sp-d16 -std=gnu11 -DSTM32F4XX -DSTM32F40XX -DUSE_STDPERIPH_DRIVER -DUSE_STM32F4_DISCOVERY -DHSE_VALUE=8000000 -I../src -IC:\Users\ahmet\Atollic\TrueSTUDIO\STM32_workspace_9.3\Blocking_delays_freertos\FreeRTOSConfig -IC:\Users\ahmet\Atollic\TrueSTUDIO\STM32_workspace_9.3\Blocking_delays_freertos\MiddleWares\Third_Party\FreeRTOS\org\Source\include -IC:\Users\ahmet\Atollic\TrueSTUDIO\STM32_workspace_9.3\Blocking_delays_freertos\MiddleWares\Third_Party\FreeRTOS\org\Source\portable\GCC\ARM_CM4F -IC:\Users\ahmet\Atollic\TrueSTUDIO\STM32_workspace_9.3\Blocking_delays_freertos\MiddleWares\Third_Party\FreeRTOS\org\Source\portable\MemMang -I../Libraries/CMSIS/Include -I../Libraries/Device/STM32F4xx/Include -I../Libraries/STM32F4xx_StdPeriph_Driver/inc -I../Utilities/STM32F4-Discovery -O0 -ffunction-sections -fdata-sections -g -fstack-usage -Wall -specs=nano.specs -o MiddleWares\Third_Party\FreeRTOS\org\Source\croutine.o 
arm-atollic-eabi-gcc -o Blocking_delays_freertos.elf Libraries\STM32F4xx_StdPeriph_Driver\src\misc.o Libraries\STM32F4xx_StdPeriph_Driver\src\stm32f4xx_adc.o Libraries\STM32F4xx_StdPeriph_Driver\src\stm32f4xx_can.o Libraries\STM32F4xx_StdPeriph_Driver\src\stm32f4xx_crc.o Libraries\STM32F4xx_StdPeriph_Driver\src\stm32f4xx_cryp.o Libraries\STM32F4xx_StdPeriph_Driver\src\stm32f4xx_cryp_aes.o Libraries\STM32F4xx_StdPeriph_Driver\src\stm32f4xx_cryp_des.o Libraries\STM32F4xx_StdPeriph_Driver\src\stm32f4xx_cryp_tdes.o Libraries\STM32F4xx_StdPeriph_Driver\src\stm32f4xx_dac.o Libraries\STM32F4xx_StdPeriph_Driver\src\stm32f4xx_dbgmcu.o Libraries\STM32F4xx_StdPeriph_Driver\src\stm32f4xx_dcmi.o Libraries\STM32F4xx_StdPeriph_Driver\src\stm32f4xx_dma.o Libraries\STM32F4xx_StdPeriph_Driver\src\stm32f4xx_exti.o Libraries\STM32F4xx_StdPeriph_Driver\src\stm32f4xx_flash.o Libraries\STM32F4xx_StdPeriph_Driver\src\stm32f4xx_fsmc.o Libraries\STM32F4xx_StdPeriph_Driver\src\stm32f4xx_gpio.o Libraries\STM32F4xx_StdPeriph_Driver\src\stm32f4xx_hash.o Libraries\STM32F4xx_StdPeriph_Driver\src\stm32f4xx_hash_md5.o Libraries\STM32F4xx_StdPeriph_Driver\src\stm32f4xx_hash_sha1.o Libraries\STM32F4xx_StdPeriph_Driver\src\stm32f4xx_i2c.o Libraries\STM32F4xx_StdPeriph_Driver\src\stm32f4xx_iwdg.o Libraries\STM32F4xx_StdPeriph_Driver\src\stm32f4xx_pwr.o Libraries\STM32F4xx_StdPeriph_Driver\src\stm32f4xx_rcc.o Libraries\STM32F4xx_StdPeriph_Driver\src\stm32f4xx_rng.o Libraries\STM32F4xx_StdPeriph_Driver\src\stm32f4xx_rtc.o Libraries\STM32F4xx_StdPeriph_Driver\src\stm32f4xx_sdio.o Libraries\STM32F4xx_StdPeriph_Driver\src\stm32f4xx_spi.o Libraries\STM32F4xx_StdPeriph_Driver\src\stm32f4xx_syscfg.o Libraries\STM32F4xx_StdPeriph_Driver\src\stm32f4xx_tim.o Libraries\STM32F4xx_StdPeriph_Driver\src\stm32f4xx_usart.o Libraries\STM32F4xx_StdPeriph_Driver\src\stm32f4xx_wwdg.o MiddleWares\Third_Party\FreeRTOS\org\Source\croutine.o MiddleWares\Third_Party\FreeRTOS\org\Source\event_groups.o MiddleWares\Third_Party\FreeRTOS\org\Source\list.o MiddleWares\Third_Party\FreeRTOS\org\Source\portable\GCC\ARM_CM4F\port.o MiddleWares\Third_Party\FreeRTOS\org\Source\portable\MemMang\heap_4.o MiddleWares\Third_Party\FreeRTOS\org\Source\queue.o MiddleWares\Third_Party\FreeRTOS\org\Source\stream_buffer.o MiddleWares\Third_Party\FreeRTOS\org\Source\tasks.o MiddleWares\Third_Party\FreeRTOS\org\Source\timers.o Utilities\STM32F4-Discovery\stm32f4_discovery.o Utilities\STM32F4-Discovery\stm32f4_discovery_audio_codec.o Utilities\STM32F4-Discovery\stm32f4_discovery_lis302dl.o src\main.o src\startup_stm32f40xx.o src\stm32f4xx_it.o src\system_stm32f4xx.o src\tiny_printf.o -mthumb -mcpu=cortex-m4 -mfloat-abi=hard -mfpu=fpv4-sp-d16 -T../stm32f4_flash.ld -specs=nosys.specs -static -Wl,-cref,-u,Reset_Handler -Wl,-Map=Blocking_delays_freertos.map -Wl,--gc-sections -Wl,--defsym=malloc_getpagesize_P=0x80 -Wl,--start-group -lc -lm -Wl,--end-group -specs=nano.specs 
MiddleWares\Third_Party\FreeRTOS\org\Source\tasks.o: In function `prvIdleTask':
C:\Users\ahmet\Atollic\TrueSTUDIO\STM32_workspace_9.3\Blocking_delays_freertos\Debug/..\MiddleWares\Third_Party\FreeRTOS\org\Source/tasks.c:3501: undefined reference to `vApplicationIdleHook'
collect2.exe: error: ld returned 1 exit status
12:37:38 **** Incremental Build of configuration Debug for project Queue_kullanimi_freertos ****
Info: Internal Builder is used for build
arm-atollic-eabi-gcc -c ..\Utilities\STM32F4-Discovery\stm32f4_discovery.c -mthumb -mcpu=cortex-m4 -mfloat-abi=hard -mfpu=fpv4-sp-d16 -std=gnu11 -DSTM32F4XX -DSTM32F40XX -DUSE_STDPERIPH_DRIVER -DUSE_STM32F4_DISCOVERY -DHSE_VALUE=8000000 -I../src -IC:\Users\ahmet\Atollic\TrueSTUDIO\STM32_workspace_9.3\Queue_kullanimi_freertos\FreeRTOSConfig -IC:\Users\ahmet\Atollic\TrueSTUDIO\STM32_workspace_9.3\Queue_kullanimi_freertos\MiddleWares\Third_Party\FreeRTOS\org\Source\include -IC:\Users\ahmet\Atollic\TrueSTUDIO\STM32_workspace_9.3\Queue_kullanimi_freertos\MiddleWares\Third_Party\FreeRTOS\org\Source\portable\GCC\ARM_CM4F -IC:\Users\ahmet\Atollic\TrueSTUDIO\STM32_workspace_9.3\Queue_kullanimi_freertos\MiddleWares\Third_Party\FreeRTOS\org\Source\portable\MemMang -I../Libraries/CMSIS/Include -I../Libraries/Device/STM32F4xx/Include -I../Libraries/STM32F4xx_StdPeriph_Driver/inc -I../Utilities/STM32F4-Discovery -O0 -ffunction-sections -fdata-sections -g -fstack-usage -Wall -specs=nano.specs -o Utilities\STM32F4-Discovery\stm32f4_discovery.o 
arm-atollic-eabi-gcc -c ..\Libraries\STM32F4xx_StdPeriph_Driver\src\misc.c -mthumb -mcpu=cortex-m4 -mfloat-abi=hard -mfpu=fpv4-sp-d16 -std=gnu11 -DSTM32F4XX -DSTM32F40XX -DUSE_STDPERIPH_DRIVER -DUSE_STM32F4_DISCOVERY -DHSE_VALUE=8000000 -I../src -IC:\Users\ahmet\Atollic\TrueSTUDIO\STM32_workspace_9.3\Queue_kullanimi_freertos\FreeRTOSConfig -IC:\Users\ahmet\Atollic\TrueSTUDIO\STM32_workspace_9.3\Queue_kullanimi_freertos\MiddleWares\Third_Party\FreeRTOS\org\Source\include -IC:\Users\ahmet\Atollic\TrueSTUDIO\STM32_workspace_9.3\Queue_kullanimi_freertos\MiddleWares\Third_Party\FreeRTOS\org\Source\portable\GCC\ARM_CM4F -IC:\Users\ahmet\Atollic\TrueSTUDIO\STM32_workspace_9.3\Queue_kullanimi_freertos\MiddleWares\Third_Party\FreeRTOS\org\Source\portable\MemMang -I../Libraries/CMSIS/Include -I../Libraries/Device/STM32F4xx/Include -I../Libraries/STM32F4xx_StdPeriph_Driver/inc -I../Utilities/STM32F4-Discovery -O0 -ffunction-sections -fdata-sections -g -fstack-usage -Wall -specs=nano.specs -o Libraries\STM32F4xx_StdPeriph_Driver\src\misc.o 
arm-atollic-eabi-gcc -c ..\Libraries\STM32F4xx_StdPeriph_Driver\src\stm32f4xx_hash_md5.c -mthumb -mcpu=cortex-m4 -mfloat-abi=hard -mfpu=fpv4-sp-d16 -std=gnu11 -DSTM32F4XX -DSTM32F40XX -DUSE_STDPERIPH_DRIVER -DUSE_STM32F4_DISCOVERY -DHSE_VALUE=8000000 -I../src -IC:\Users\ahmet\Atollic\TrueSTUDIO\STM32_workspace_9.3\Queue_kullanimi_freertos\FreeRTOSConfig -IC:\Users\ahmet\Atollic\TrueSTUDIO\STM32_workspace_9.3\Queue_kullanimi_freertos\MiddleWares\Third_Party\FreeRTOS\org\Source\include -IC:\Users\ahmet\Atollic\TrueSTUDIO\STM32_workspace_9.3\Queue_kullanimi_freertos\MiddleWares\Third_Party\FreeRTOS\org\Source\portable\GCC\ARM_CM4F -IC:\Users\ahmet\Atollic\TrueSTUDIO\STM32_workspace_9.3\Queue_kullanimi_freertos\MiddleWares\Third_Party\FreeRTOS\org\Source\portable\MemMang -I../Libraries/CMSIS/Include -I../Libraries/Device/STM32F4xx/Include -I../Libraries/STM32F4xx_StdPeriph_Driver/inc -I../Utilities/STM32F4-Discovery -O0 -ffunction-sections -fdata-sections -g -fstack-usage -Wall -specs=nano.specs -o Libraries\STM32F4xx_StdPeriph_Driver\src\stm32f4xx_hash_md5.o 
arm-atollic-eabi-gcc -c ..\Libraries\STM32F4xx_StdPeriph_Driver\src\stm32f4xx_rng.c -mthumb -mcpu=cortex-m4 -mfloat-abi=hard -mfpu=fpv4-sp-d16 -std=gnu11 -DSTM32F4XX -DSTM32F40XX -DUSE_STDPERIPH_DRIVER -DUSE_STM32F4_DISCOVERY -DHSE_VALUE=8000000 -I../src -IC:\Users\ahmet\Atollic\TrueSTUDIO\STM32_workspace_9.3\Queue_kullanimi_freertos\FreeRTOSConfig -IC:\Users\ahmet\Atollic\TrueSTUDIO\STM32_workspace_9.3\Queue_kullanimi_freertos\MiddleWares\Third_Party\FreeRTOS\org\Source\include -IC:\Users\ahmet\Atollic\TrueSTUDIO\STM32_workspace_9.3\Queue_kullanimi_freertos\MiddleWares\Third_Party\FreeRTOS\org\Source\portable\GCC\ARM_CM4F -IC:\Users\ahmet\Atollic\TrueSTUDIO\STM32_workspace_9.3\Queue_kullanimi_freertos\MiddleWares\Third_Party\FreeRTOS\org\Source\portable\MemMang -I../Libraries/CMSIS/Include -I../Libraries/Device/STM32F4xx/Include -I../Libraries/STM32F4xx_StdPeriph_Driver/inc -I../Utilities/STM32F4-Discovery -O0 -ffunction-sections -fdata-sections -g -fstack-usage -Wall -specs=nano.specs -o Libraries\STM32F4xx_StdPeriph_Driver\src\stm32f4xx_rng.o 
arm-atollic-eabi-gcc -c ..\MiddleWares\Third_Party\FreeRTOS\org\Source\event_groups.c -mthumb -mcpu=cortex-m4 -mfloat-abi=hard -mfpu=fpv4-sp-d16 -std=gnu11 -DSTM32F4XX -DSTM32F40XX -DUSE_STDPERIPH_DRIVER -DUSE_STM32F4_DISCOVERY -DHSE_VALUE=8000000 -I../src -IC:\Users\ahmet\Atollic\TrueSTUDIO\STM32_workspace_9.3\Queue_kullanimi_freertos\FreeRTOSConfig -IC:\Users\ahmet\Atollic\TrueSTUDIO\STM32_workspace_9.3\Queue_kullanimi_freertos\MiddleWares\Third_Party\FreeRTOS\org\Source\include -IC:\Users\ahmet\Atollic\TrueSTUDIO\STM32_workspace_9.3\Queue_kullanimi_freertos\MiddleWares\Third_Party\FreeRTOS\org\Source\portable\GCC\ARM_CM4F -IC:\Users\ahmet\Atollic\TrueSTUDIO\STM32_workspace_9.3\Queue_kullanimi_freertos\MiddleWares\Third_Party\FreeRTOS\org\Source\portable\MemMang -I../Libraries/CMSIS/Include -I../Libraries/Device/STM32F4xx/Include -I../Libraries/STM32F4xx_StdPeriph_Driver/inc -I../Utilities/STM32F4-Discovery -O0 -ffunction-sections -fdata-sections -g -fstack-usage -Wall -specs=nano.specs -o MiddleWares\Third_Party\FreeRTOS\org\Source\event_groups.o 
arm-atollic-eabi-gcc -c ..\Libraries\STM32F4xx_StdPeriph_Driver\src\stm32f4xx_dma.c -mthumb -mcpu=cortex-m4 -mfloat-abi=hard -mfpu=fpv4-sp-d16 -std=gnu11 -DSTM32F4XX -DSTM32F40XX -DUSE_STDPERIPH_DRIVER -DUSE_STM32F4_DISCOVERY -DHSE_VALUE=8000000 -I../src -IC:\Users\ahmet\Atollic\TrueSTUDIO\STM32_workspace_9.3\Queue_kullanimi_freertos\FreeRTOSConfig -IC:\Users\ahmet\Atollic\TrueSTUDIO\STM32_workspace_9.3\Queue_kullanimi_freertos\MiddleWares\Third_Party\FreeRTOS\org\Source\include -IC:\Users\ahmet\Atollic\TrueSTUDIO\STM32_workspace_9.3\Queue_kullanimi_freertos\MiddleWares\Third_Party\FreeRTOS\org\Source\portable\GCC\ARM_CM4F -IC:\Users\ahmet\Atollic\TrueSTUDIO\STM32_workspace_9.3\Queue_kullanimi_freertos\MiddleWares\Third_Party\FreeRTOS\org\Source\portable\MemMang -I../Libraries/CMSIS/Include -I../Libraries/Device/STM32F4xx/Include -I../Libraries/STM32F4xx_StdPeriph_Driver/inc -I../Utilities/STM32F4-Discovery -O0 -ffunction-sections -fdata-sections -g -fstack-usage -Wall -specs=nano.specs -o Libraries\STM32F4xx_StdPeriph_Driver\src\stm32f4xx_dma.o 
arm-atollic-eabi-gcc -c ..\Libraries\STM32F4xx_StdPeriph_Driver\src\stm32f4xx_hash.c -mthumb -mcpu=cortex-m4 -mfloat-abi=hard -mfpu=fpv4-sp-d16 -std=gnu11 -DSTM32F4XX -DSTM32F40XX -DUSE_STDPERIPH_DRIVER -DUSE_STM32F4_DISCOVERY -DHSE_VALUE=8000000 -I../src -IC:\Users\ahmet\Atollic\TrueSTUDIO\STM32_workspace_9.3\Queue_kullanimi_freertos\FreeRTOSConfig -IC:\Users\ahmet\Atollic\TrueSTUDIO\STM32_workspace_9.3\Queue_kullanimi_freertos\MiddleWares\Third_Party\FreeRTOS\org\Source\include -IC:\Users\ahmet\Atollic\TrueSTUDIO\STM32_workspace_9.3\Queue_kullanimi_freertos\MiddleWares\Third_Party\FreeRTOS\org\Source\portable\GCC\ARM_CM4F -IC:\Users\ahmet\Atollic\TrueSTUDIO\STM32_workspace_9.3\Queue_kullanimi_freertos\MiddleWares\Third_Party\FreeRTOS\org\Source\portable\MemMang -I../Libraries/CMSIS/Include -I../Libraries/Device/STM32F4xx/Include -I../Libraries/STM32F4xx_StdPeriph_Driver/inc -I../Utilities/STM32F4-Discovery -O0 -ffunction-sections -fdata-sections -g -fstack-usage -Wall -specs=nano.specs -o Libraries\STM32F4xx_StdPeriph_Driver\src\stm32f4xx_hash.o 
arm-atollic-eabi-gcc -c ..\Utilities\STM32F4-Discovery\stm32f4_discovery_audio_codec.c -mthumb -mcpu=cortex-m4 -mfloat-abi=hard -mfpu=fpv4-sp-d16 -std=gnu11 -DSTM32F4XX -DSTM32F40XX -DUSE_STDPERIPH_DRIVER -DUSE_STM32F4_DISCOVERY -DHSE_VALUE=8000000 -I../src -IC:\Users\ahmet\Atollic\TrueSTUDIO\STM32_workspace_9.3\Queue_kullanimi_freertos\FreeRTOSConfig -IC:\Users\ahmet\Atollic\TrueSTUDIO\STM32_workspace_9.3\Queue_kullanimi_freertos\MiddleWares\Third_Party\FreeRTOS\org\Source\include -IC:\Users\ahmet\Atollic\TrueSTUDIO\STM32_workspace_9.3\Queue_kullanimi_freertos\MiddleWares\Third_Party\FreeRTOS\org\Source\portable\GCC\ARM_CM4F -IC:\Users\ahmet\Atollic\TrueSTUDIO\STM32_workspace_9.3\Queue_kullanimi_freertos\MiddleWares\Third_Party\FreeRTOS\org\Source\portable\MemMang -I../Libraries/CMSIS/Include -I../Libraries/Device/STM32F4xx/Include -I../Libraries/STM32F4xx_StdPeriph_Driver/inc -I../Utilities/STM32F4-Discovery -O0 -ffunction-sections -fdata-sections -g -fstack-usage -Wall -specs=nano.specs -o Utilities\STM32F4-Discovery\stm32f4_discovery_audio_codec.o 
arm-atollic-eabi-gcc -c ..\Libraries\STM32F4xx_StdPeriph_Driver\src\stm32f4xx_tim.c -mthumb -mcpu=cortex-m4 -mfloat-abi=hard -mfpu=fpv4-sp-d16 -std=gnu11 -DSTM32F4XX -DSTM32F40XX -DUSE_STDPERIPH_DRIVER -DUSE_STM32F4_DISCOVERY -DHSE_VALUE=8000000 -I../src -IC:\Users\ahmet\Atollic\TrueSTUDIO\STM32_workspace_9.3\Queue_kullanimi_freertos\FreeRTOSConfig -IC:\Users\ahmet\Atollic\TrueSTUDIO\STM32_workspace_9.3\Queue_kullanimi_freertos\MiddleWares\Third_Party\FreeRTOS\org\Source\include -IC:\Users\ahmet\Atollic\TrueSTUDIO\STM32_workspace_9.3\Queue_kullanimi_freertos\MiddleWares\Third_Party\FreeRTOS\org\Source\portable\GCC\ARM_CM4F -IC:\Users\ahmet\Atollic\TrueSTUDIO\STM32_workspace_9.3\Queue_kullanimi_freertos\MiddleWares\Third_Party\FreeRTOS\org\Source\portable\MemMang -I../Libraries/CMSIS/Include -I../Libraries/Device/STM32F4xx/Include -I../Libraries/STM32F4xx_StdPeriph_Driver/inc -I../Utilities/STM32F4-Discovery -O0 -ffunction-sections -fdata-sections -g -fstack-usage -Wall -specs=nano.specs -o Libraries\STM32F4xx_StdPeriph_Driver\src\stm32f4xx_tim.o 
arm-atollic-eabi-gcc -c ..\Libraries\STM32F4xx_StdPeriph_Driver\src\stm32f4xx_dbgmcu.c -mthumb -mcpu=cortex-m4 -mfloat-abi=hard -mfpu=fpv4-sp-d16 -std=gnu11 -DSTM32F4XX -DSTM32F40XX -DUSE_STDPERIPH_DRIVER -DUSE_STM32F4_DISCOVERY -DHSE_VALUE=8000000 -I../src -IC:\Users\ahmet\Atollic\TrueSTUDIO\STM32_workspace_9.3\Queue_kullanimi_freertos\FreeRTOSConfig -IC:\Users\ahmet\Atollic\TrueSTUDIO\STM32_workspace_9.3\Queue_kullanimi_freertos\MiddleWares\Third_Party\FreeRTOS\org\Source\include -IC:\Users\ahmet\Atollic\TrueSTUDIO\STM32_workspace_9.3\Queue_kullanimi_freertos\MiddleWares\Third_Party\FreeRTOS\org\Source\portable\GCC\ARM_CM4F -IC:\Users\ahmet\Atollic\TrueSTUDIO\STM32_workspace_9.3\Queue_kullanimi_freertos\MiddleWares\Third_Party\FreeRTOS\org\Source\portable\MemMang -I../Libraries/CMSIS/Include -I../Libraries/Device/STM32F4xx/Include -I../Libraries/STM32F4xx_StdPeriph_Driver/inc -I../Utilities/STM32F4-Discovery -O0 -ffunction-sections -fdata-sections -g -fstack-usage -Wall -specs=nano.specs -o Libraries\STM32F4xx_StdPeriph_Driver\src\stm32f4xx_dbgmcu.o 
arm-atollic-eabi-gcc -c ..\Libraries\STM32F4xx_StdPeriph_Driver\src\stm32f4xx_adc.c -mthumb -mcpu=cortex-m4 -mfloat-abi=hard -mfpu=fpv4-sp-d16 -std=gnu11 -DSTM32F4XX -DSTM32F40XX -DUSE_STDPERIPH_DRIVER -DUSE_STM32F4_DISCOVERY -DHSE_VALUE=8000000 -I../src -IC:\Users\ahmet\Atollic\TrueSTUDIO\STM32_workspace_9.3\Queue_kullanimi_freertos\FreeRTOSConfig -IC:\Users\ahmet\Atollic\TrueSTUDIO\STM32_workspace_9.3\Queue_kullanimi_freertos\MiddleWares\Third_Party\FreeRTOS\org\Source\include -IC:\Users\ahmet\Atollic\TrueSTUDIO\STM32_workspace_9.3\Queue_kullanimi_freertos\MiddleWares\Third_Party\FreeRTOS\org\Source\portable\GCC\ARM_CM4F -IC:\Users\ahmet\Atollic\TrueSTUDIO\STM32_workspace_9.3\Queue_kullanimi_freertos\MiddleWares\Third_Party\FreeRTOS\org\Source\portable\MemMang -I../Libraries/CMSIS/Include -I../Libraries/Device/STM32F4xx/Include -I../Libraries/STM32F4xx_StdPeriph_Driver/inc -I../Utilities/STM32F4-Discovery -O0 -ffunction-sections -fdata-sections -g -fstack-usage -Wall -specs=nano.specs -o Libraries\STM32F4xx_StdPeriph_Driver\src\stm32f4xx_adc.o 
arm-atollic-eabi-gcc -c ..\Libraries\STM32F4xx_StdPeriph_Driver\src\stm32f4xx_cryp_aes.c -mthumb -mcpu=cortex-m4 -mfloat-abi=hard -mfpu=fpv4-sp-d16 -std=gnu11 -DSTM32F4XX -DSTM32F40XX -DUSE_STDPERIPH_DRIVER -DUSE_STM32F4_DISCOVERY -DHSE_VALUE=8000000 -I../src -IC:\Users\ahmet\Atollic\TrueSTUDIO\STM32_workspace_9.3\Queue_kullanimi_freertos\FreeRTOSConfig -IC:\Users\ahmet\Atollic\TrueSTUDIO\STM32_workspace_9.3\Queue_kullanimi_freertos\MiddleWares\Third_Party\FreeRTOS\org\Source\include -IC:\Users\ahmet\Atollic\TrueSTUDIO\STM32_workspace_9.3\Queue_kullanimi_freertos\MiddleWares\Third_Party\FreeRTOS\org\Source\portable\GCC\ARM_CM4F -IC:\Users\ahmet\Atollic\TrueSTUDIO\STM32_workspace_9.3\Queue_kullanimi_freertos\MiddleWares\Third_Party\FreeRTOS\org\Source\portable\MemMang -I../Libraries/CMSIS/Include -I../Libraries/Device/STM32F4xx/Include -I../Libraries/STM32F4xx_StdPeriph_Driver/inc -I../Utilities/STM32F4-Discovery -O0 -ffunction-sections -fdata-sections -g -fstack-usage -Wall -specs=nano.specs -o Libraries\STM32F4xx_StdPeriph_Driver\src\stm32f4xx_cryp_aes.o 
arm-atollic-eabi-gcc -c ..\Libraries\STM32F4xx_StdPeriph_Driver\src\stm32f4xx_can.c -mthumb -mcpu=cortex-m4 -mfloat-abi=hard -mfpu=fpv4-sp-d16 -std=gnu11 -DSTM32F4XX -DSTM32F40XX -DUSE_STDPERIPH_DRIVER -DUSE_STM32F4_DISCOVERY -DHSE_VALUE=8000000 -I../src -IC:\Users\ahmet\Atollic\TrueSTUDIO\STM32_workspace_9.3\Queue_kullanimi_freertos\FreeRTOSConfig -IC:\Users\ahmet\Atollic\TrueSTUDIO\STM32_workspace_9.3\Queue_kullanimi_freertos\MiddleWares\Third_Party\FreeRTOS\org\Source\include -IC:\Users\ahmet\Atollic\TrueSTUDIO\STM32_workspace_9.3\Queue_kullanimi_freertos\MiddleWares\Third_Party\FreeRTOS\org\Source\portable\GCC\ARM_CM4F -IC:\Users\ahmet\Atollic\TrueSTUDIO\STM32_workspace_9.3\Queue_kullanimi_freertos\MiddleWares\Third_Party\FreeRTOS\org\Source\portable\MemMang -I../Libraries/CMSIS/Include -I../Libraries/Device/STM32F4xx/Include -I../Libraries/STM32F4xx_StdPeriph_Driver/inc -I../Utilities/STM32F4-Discovery -O0 -ffunction-sections -fdata-sections -g -fstack-usage -Wall -specs=nano.specs -o Libraries\STM32F4xx_StdPeriph_Driver\src\stm32f4xx_can.o 
arm-atollic-eabi-gcc -c ..\src\tiny_printf.c -mthumb -mcpu=cortex-m4 -mfloat-abi=hard -mfpu=fpv4-sp-d16 -std=gnu11 -DSTM32F4XX -DSTM32F40XX -DUSE_STDPERIPH_DRIVER -DUSE_STM32F4_DISCOVERY -DHSE_VALUE=8000000 -I../src -IC:\Users\ahmet\Atollic\TrueSTUDIO\STM32_workspace_9.3\Queue_kullanimi_freertos\FreeRTOSConfig -IC:\Users\ahmet\Atollic\TrueSTUDIO\STM32_workspace_9.3\Queue_kullanimi_freertos\MiddleWares\Third_Party\FreeRTOS\org\Source\include -IC:\Users\ahmet\Atollic\TrueSTUDIO\STM32_workspace_9.3\Queue_kullanimi_freertos\MiddleWares\Third_Party\FreeRTOS\org\Source\portable\GCC\ARM_CM4F -IC:\Users\ahmet\Atollic\TrueSTUDIO\STM32_workspace_9.3\Queue_kullanimi_freertos\MiddleWares\Third_Party\FreeRTOS\org\Source\portable\MemMang -I../Libraries/CMSIS/Include -I../Libraries/Device/STM32F4xx/Include -I../Libraries/STM32F4xx_StdPeriph_Driver/inc -I../Utilities/STM32F4-Discovery -O0 -ffunction-sections -fdata-sections -g -fstack-usage -Wall -specs=nano.specs -o src\tiny_printf.o 
arm-atollic-eabi-gcc -c ..\src\system_stm32f4xx.c -mthumb -mcpu=cortex-m4 -mfloat-abi=hard -mfpu=fpv4-sp-d16 -std=gnu11 -DSTM32F4XX -DSTM32F40XX -DUSE_STDPERIPH_DRIVER -DUSE_STM32F4_DISCOVERY -DHSE_VALUE=8000000 -I../src -IC:\Users\ahmet\Atollic\TrueSTUDIO\STM32_workspace_9.3\Queue_kullanimi_freertos\FreeRTOSConfig -IC:\Users\ahmet\Atollic\TrueSTUDIO\STM32_workspace_9.3\Queue_kullanimi_freertos\MiddleWares\Third_Party\FreeRTOS\org\Source\include -IC:\Users\ahmet\Atollic\TrueSTUDIO\STM32_workspace_9.3\Queue_kullanimi_freertos\MiddleWares\Third_Party\FreeRTOS\org\Source\portable\GCC\ARM_CM4F -IC:\Users\ahmet\Atollic\TrueSTUDIO\STM32_workspace_9.3\Queue_kullanimi_freertos\MiddleWares\Third_Party\FreeRTOS\org\Source\portable\MemMang -I../Libraries/CMSIS/Include -I../Libraries/Device/STM32F4xx/Include -I../Libraries/STM32F4xx_StdPeriph_Driver/inc -I../Utilities/STM32F4-Discovery -O0 -ffunction-sections -fdata-sections -g -fstack-usage -Wall -specs=nano.specs -o src\system_stm32f4xx.o 
..\src\system_stm32f4xx.c: In function 'SetSysClock':
..\src\system_stm32f4xx.c:399:5: warning: this 'while' clause does not guard... [-Wmisleading-indentation]
     while ((RCC->CFGR & (uint32_t)RCC_CFGR_SWS ) != RCC_CFGR_SWS_PLL);
     ^~~~~
..\src\system_stm32f4xx.c:400:5: note: ...this statement, but the latter is misleadingly indented as if it is guarded by the 'while'
     {
     ^
arm-atollic-eabi-gcc -c ..\Libraries\STM32F4xx_StdPeriph_Driver\src\stm32f4xx_dac.c -mthumb -mcpu=cortex-m4 -mfloat-abi=hard -mfpu=fpv4-sp-d16 -std=gnu11 -DSTM32F4XX -DSTM32F40XX -DUSE_STDPERIPH_DRIVER -DUSE_STM32F4_DISCOVERY -DHSE_VALUE=8000000 -I../src -IC:\Users\ahmet\Atollic\TrueSTUDIO\STM32_workspace_9.3\Queue_kullanimi_freertos\FreeRTOSConfig -IC:\Users\ahmet\Atollic\TrueSTUDIO\STM32_workspace_9.3\Queue_kullanimi_freertos\MiddleWares\Third_Party\FreeRTOS\org\Source\include -IC:\Users\ahmet\Atollic\TrueSTUDIO\STM32_workspace_9.3\Queue_kullanimi_freertos\MiddleWares\Third_Party\FreeRTOS\org\Source\portable\GCC\ARM_CM4F -IC:\Users\ahmet\Atollic\TrueSTUDIO\STM32_workspace_9.3\Queue_kullanimi_freertos\MiddleWares\Third_Party\FreeRTOS\org\Source\portable\MemMang -I../Libraries/CMSIS/Include -I../Libraries/Device/STM32F4xx/Include -I../Libraries/STM32F4xx_StdPeriph_Driver/inc -I../Utilities/STM32F4-Discovery -O0 -ffunction-sections -fdata-sections -g -fstack-usage -Wall -specs=nano.specs -o Libraries\STM32F4xx_StdPeriph_Driver\src\stm32f4xx_dac.o 
arm-atollic-eabi-gcc -c ..\MiddleWares\Third_Party\FreeRTOS\org\Source\portable\GCC\ARM_CM4F\port.c -mthumb -mcpu=cortex-m4 -mfloat-abi=hard -mfpu=fpv4-sp-d16 -std=gnu11 -DSTM32F4XX -DSTM32F40XX -DUSE_STDPERIPH_DRIVER -DUSE_STM32F4_DISCOVERY -DHSE_VALUE=8000000 -I../src -IC:\Users\ahmet\Atollic\TrueSTUDIO\STM32_workspace_9.3\Queue_kullanimi_freertos\FreeRTOSConfig -IC:\Users\ahmet\Atollic\TrueSTUDIO\STM32_workspace_9.3\Queue_kullanimi_freertos\MiddleWares\Third_Party\FreeRTOS\org\Source\include -IC:\Users\ahmet\Atollic\TrueSTUDIO\STM32_workspace_9.3\Queue_kullanimi_freertos\MiddleWares\Third_Party\FreeRTOS\org\Source\portable\GCC\ARM_CM4F -IC:\Users\ahmet\Atollic\TrueSTUDIO\STM32_workspace_9.3\Queue_kullanimi_freertos\MiddleWares\Third_Party\FreeRTOS\org\Source\portable\MemMang -I../Libraries/CMSIS/Include -I../Libraries/Device/STM32F4xx/Include -I../Libraries/STM32F4xx_StdPeriph_Driver/inc -I../Utilities/STM32F4-Discovery -O0 -ffunction-sections -fdata-sections -g -fstack-usage -Wall -specs=nano.specs -o MiddleWares\Third_Party\FreeRTOS\org\Source\portable\GCC\ARM_CM4F\port.o 
arm-atollic-eabi-gcc -c ..\Libraries\STM32F4xx_StdPeriph_Driver\src\stm32f4xx_syscfg.c -mthumb -mcpu=cortex-m4 -mfloat-abi=hard -mfpu=fpv4-sp-d16 -std=gnu11 -DSTM32F4XX -DSTM32F40XX -DUSE_STDPERIPH_DRIVER -DUSE_STM32F4_DISCOVERY -DHSE_VALUE=8000000 -I../src -IC:\Users\ahmet\Atollic\TrueSTUDIO\STM32_workspace_9.3\Queue_kullanimi_freertos\FreeRTOSConfig -IC:\Users\ahmet\Atollic\TrueSTUDIO\STM32_workspace_9.3\Queue_kullanimi_freertos\MiddleWares\Third_Party\FreeRTOS\org\Source\include -IC:\Users\ahmet\Atollic\TrueSTUDIO\STM32_workspace_9.3\Queue_kullanimi_freertos\MiddleWares\Third_Party\FreeRTOS\org\Source\portable\GCC\ARM_CM4F -IC:\Users\ahmet\Atollic\TrueSTUDIO\STM32_workspace_9.3\Queue_kullanimi_freertos\MiddleWares\Third_Party\FreeRTOS\org\Source\portable\MemMang -I../Libraries/CMSIS/Include -I../Libraries/Device/STM32F4xx/Include -I../Libraries/STM32F4xx_StdPeriph_Driver/inc -I../Utilities/STM32F4-Discovery -O0 -ffunction-sections -fdata-sections -g -fstack-usage -Wall -specs=nano.specs -o Libraries\STM32F4xx_StdPeriph_Driver\src\stm32f4xx_syscfg.o 
arm-atollic-eabi-gcc -c ..\MiddleWares\Third_Party\FreeRTOS\org\Source\queue.c -mthumb -mcpu=cortex-m4 -mfloat-abi=hard -mfpu=fpv4-sp-d16 -std=gnu11 -DSTM32F4XX -DSTM32F40XX -DUSE_STDPERIPH_DRIVER -DUSE_STM32F4_DISCOVERY -DHSE_VALUE=8000000 -I../src -IC:\Users\ahmet\Atollic\TrueSTUDIO\STM32_workspace_9.3\Queue_kullanimi_freertos\FreeRTOSConfig -IC:\Users\ahmet\Atollic\TrueSTUDIO\STM32_workspace_9.3\Queue_kullanimi_freertos\MiddleWares\Third_Party\FreeRTOS\org\Source\include -IC:\Users\ahmet\Atollic\TrueSTUDIO\STM32_workspace_9.3\Queue_kullanimi_freertos\MiddleWares\Third_Party\FreeRTOS\org\Source\portable\GCC\ARM_CM4F -IC:\Users\ahmet\Atollic\TrueSTUDIO\STM32_workspace_9.3\Queue_kullanimi_freertos\MiddleWares\Third_Party\FreeRTOS\org\Source\portable\MemMang -I../Libraries/CMSIS/Include -I../Libraries/Device/STM32F4xx/Include -I../Libraries/STM32F4xx_StdPeriph_Driver/inc -I../Utilities/STM32F4-Discovery -O0 -ffunction-sections -fdata-sections -g -fstack-usage -Wall -specs=nano.specs -o MiddleWares\Third_Party\FreeRTOS\org\Source\queue.o 
arm-atollic-eabi-gcc -c ..\Libraries\STM32F4xx_StdPeriph_Driver\src\stm32f4xx_sdio.c -mthumb -mcpu=cortex-m4 -mfloat-abi=hard -mfpu=fpv4-sp-d16 -std=gnu11 -DSTM32F4XX -DSTM32F40XX -DUSE_STDPERIPH_DRIVER -DUSE_STM32F4_DISCOVERY -DHSE_VALUE=8000000 -I../src -IC:\Users\ahmet\Atollic\TrueSTUDIO\STM32_workspace_9.3\Queue_kullanimi_freertos\FreeRTOSConfig -IC:\Users\ahmet\Atollic\TrueSTUDIO\STM32_workspace_9.3\Queue_kullanimi_freertos\MiddleWares\Third_Party\FreeRTOS\org\Source\include -IC:\Users\ahmet\Atollic\TrueSTUDIO\STM32_workspace_9.3\Queue_kullanimi_freertos\MiddleWares\Third_Party\FreeRTOS\org\Source\portable\GCC\ARM_CM4F -IC:\Users\ahmet\Atollic\TrueSTUDIO\STM32_workspace_9.3\Queue_kullanimi_freertos\MiddleWares\Third_Party\FreeRTOS\org\Source\portable\MemMang -I../Libraries/CMSIS/Include -I../Libraries/Device/STM32F4xx/Include -I../Libraries/STM32F4xx_StdPeriph_Driver/inc -I../Utilities/STM32F4-Discovery -O0 -ffunction-sections -fdata-sections -g -fstack-usage -Wall -specs=nano.specs -o Libraries\STM32F4xx_StdPeriph_Driver\src\stm32f4xx_sdio.o 
arm-atollic-eabi-gcc -c ..\Libraries\STM32F4xx_StdPeriph_Driver\src\stm32f4xx_cryp_des.c -mthumb -mcpu=cortex-m4 -mfloat-abi=hard -mfpu=fpv4-sp-d16 -std=gnu11 -DSTM32F4XX -DSTM32F40XX -DUSE_STDPERIPH_DRIVER -DUSE_STM32F4_DISCOVERY -DHSE_VALUE=8000000 -I../src -IC:\Users\ahmet\Atollic\TrueSTUDIO\STM32_workspace_9.3\Queue_kullanimi_freertos\FreeRTOSConfig -IC:\Users\ahmet\Atollic\TrueSTUDIO\STM32_workspace_9.3\Queue_kullanimi_freertos\MiddleWares\Third_Party\FreeRTOS\org\Source\include -IC:\Users\ahmet\Atollic\TrueSTUDIO\STM32_workspace_9.3\Queue_kullanimi_freertos\MiddleWares\Third_Party\FreeRTOS\org\Source\portable\GCC\ARM_CM4F -IC:\Users\ahmet\Atollic\TrueSTUDIO\STM32_workspace_9.3\Queue_kullanimi_freertos\MiddleWares\Third_Party\FreeRTOS\org\Source\portable\MemMang -I../Libraries/CMSIS/Include -I../Libraries/Device/STM32F4xx/Include -I../Libraries/STM32F4xx_StdPeriph_Driver/inc -I../Utilities/STM32F4-Discovery -O0 -ffunction-sections -fdata-sections -g -fstack-usage -Wall -specs=nano.specs -o Libraries\STM32F4xx_StdPeriph_Driver\src\stm32f4xx_cryp_des.o 
arm-atollic-eabi-gcc -c ..\MiddleWares\Third_Party\FreeRTOS\org\Source\stream_buffer.c -mthumb -mcpu=cortex-m4 -mfloat-abi=hard -mfpu=fpv4-sp-d16 -std=gnu11 -DSTM32F4XX -DSTM32F40XX -DUSE_STDPERIPH_DRIVER -DUSE_STM32F4_DISCOVERY -DHSE_VALUE=8000000 -I../src -IC:\Users\ahmet\Atollic\TrueSTUDIO\STM32_workspace_9.3\Queue_kullanimi_freertos\FreeRTOSConfig -IC:\Users\ahmet\Atollic\TrueSTUDIO\STM32_workspace_9.3\Queue_kullanimi_freertos\MiddleWares\Third_Party\FreeRTOS\org\Source\include -IC:\Users\ahmet\Atollic\TrueSTUDIO\STM32_workspace_9.3\Queue_kullanimi_freertos\MiddleWares\Third_Party\FreeRTOS\org\Source\portable\GCC\ARM_CM4F -IC:\Users\ahmet\Atollic\TrueSTUDIO\STM32_workspace_9.3\Queue_kullanimi_freertos\MiddleWares\Third_Party\FreeRTOS\org\Source\portable\MemMang -I../Libraries/CMSIS/Include -I../Libraries/Device/STM32F4xx/Include -I../Libraries/STM32F4xx_StdPeriph_Driver/inc -I../Utilities/STM32F4-Discovery -O0 -ffunction-sections -fdata-sections -g -fstack-usage -Wall -specs=nano.specs -o MiddleWares\Third_Party\FreeRTOS\org\Source\stream_buffer.o 
arm-atollic-eabi-gcc -c ..\Libraries\STM32F4xx_StdPeriph_Driver\src\stm32f4xx_iwdg.c -mthumb -mcpu=cortex-m4 -mfloat-abi=hard -mfpu=fpv4-sp-d16 -std=gnu11 -DSTM32F4XX -DSTM32F40XX -DUSE_STDPERIPH_DRIVER -DUSE_STM32F4_DISCOVERY -DHSE_VALUE=8000000 -I../src -IC:\Users\ahmet\Atollic\TrueSTUDIO\STM32_workspace_9.3\Queue_kullanimi_freertos\FreeRTOSConfig -IC:\Users\ahmet\Atollic\TrueSTUDIO\STM32_workspace_9.3\Queue_kullanimi_freertos\MiddleWares\Third_Party\FreeRTOS\org\Source\include -IC:\Users\ahmet\Atollic\TrueSTUDIO\STM32_workspace_9.3\Queue_kullanimi_freertos\MiddleWares\Third_Party\FreeRTOS\org\Source\portable\GCC\ARM_CM4F -IC:\Users\ahmet\Atollic\TrueSTUDIO\STM32_workspace_9.3\Queue_kullanimi_freertos\MiddleWares\Third_Party\FreeRTOS\org\Source\portable\MemMang -I../Libraries/CMSIS/Include -I../Libraries/Device/STM32F4xx/Include -I../Libraries/STM32F4xx_StdPeriph_Driver/inc -I../Utilities/STM32F4-Discovery -O0 -ffunction-sections -fdata-sections -g -fstack-usage -Wall -specs=nano.specs -o Libraries\STM32F4xx_StdPeriph_Driver\src\stm32f4xx_iwdg.o 
arm-atollic-eabi-gcc -c ..\MiddleWares\Third_Party\FreeRTOS\org\Source\portable\MemMang\heap_4.c -mthumb -mcpu=cortex-m4 -mfloat-abi=hard -mfpu=fpv4-sp-d16 -std=gnu11 -DSTM32F4XX -DSTM32F40XX -DUSE_STDPERIPH_DRIVER -DUSE_STM32F4_DISCOVERY -DHSE_VALUE=8000000 -I../src -IC:\Users\ahmet\Atollic\TrueSTUDIO\STM32_workspace_9.3\Queue_kullanimi_freertos\FreeRTOSConfig -IC:\Users\ahmet\Atollic\TrueSTUDIO\STM32_workspace_9.3\Queue_kullanimi_freertos\MiddleWares\Third_Party\FreeRTOS\org\Source\include -IC:\Users\ahmet\Atollic\TrueSTUDIO\STM32_workspace_9.3\Queue_kullanimi_freertos\MiddleWares\Third_Party\FreeRTOS\org\Source\portable\GCC\ARM_CM4F -IC:\Users\ahmet\Atollic\TrueSTUDIO\STM32_workspace_9.3\Queue_kullanimi_freertos\MiddleWares\Third_Party\FreeRTOS\org\Source\portable\MemMang -I../Libraries/CMSIS/Include -I../Libraries/Device/STM32F4xx/Include -I../Libraries/STM32F4xx_StdPeriph_Driver/inc -I../Utilities/STM32F4-Discovery -O0 -ffunction-sections -fdata-sections -g -fstack-usage -Wall -specs=nano.specs -o MiddleWares\Third_Party\FreeRTOS\org\Source\portable\MemMang\heap_4.o 
arm-atollic-eabi-gcc -c ..\Libraries\STM32F4xx_StdPeriph_Driver\src\stm32f4xx_rcc.c -mthumb -mcpu=cortex-m4 -mfloat-abi=hard -mfpu=fpv4-sp-d16 -std=gnu11 -DSTM32F4XX -DSTM32F40XX -DUSE_STDPERIPH_DRIVER -DUSE_STM32F4_DISCOVERY -DHSE_VALUE=8000000 -I../src -IC:\Users\ahmet\Atollic\TrueSTUDIO\STM32_workspace_9.3\Queue_kullanimi_freertos\FreeRTOSConfig -IC:\Users\ahmet\Atollic\TrueSTUDIO\STM32_workspace_9.3\Queue_kullanimi_freertos\MiddleWares\Third_Party\FreeRTOS\org\Source\include -IC:\Users\ahmet\Atollic\TrueSTUDIO\STM32_workspace_9.3\Queue_kullanimi_freertos\MiddleWares\Third_Party\FreeRTOS\org\Source\portable\GCC\ARM_CM4F -IC:\Users\ahmet\Atollic\TrueSTUDIO\STM32_workspace_9.3\Queue_kullanimi_freertos\MiddleWares\Third_Party\FreeRTOS\org\Source\portable\MemMang -I../Libraries/CMSIS/Include -I../Libraries/Device/STM32F4xx/Include -I../Libraries/STM32F4xx_StdPeriph_Driver/inc -I../Utilities/STM32F4-Discovery -O0 -ffunction-sections -fdata-sections -g -fstack-usage -Wall -specs=nano.specs -o Libraries\STM32F4xx_StdPeriph_Driver\src\stm32f4xx_rcc.o 
arm-atollic-eabi-gcc -c ..\src\stm32f4xx_it.c -mthumb -mcpu=cortex-m4 -mfloat-abi=hard -mfpu=fpv4-sp-d16 -std=gnu11 -DSTM32F4XX -DSTM32F40XX -DUSE_STDPERIPH_DRIVER -DUSE_STM32F4_DISCOVERY -DHSE_VALUE=8000000 -I../src -IC:\Users\ahmet\Atollic\TrueSTUDIO\STM32_workspace_9.3\Queue_kullanimi_freertos\FreeRTOSConfig -IC:\Users\ahmet\Atollic\TrueSTUDIO\STM32_workspace_9.3\Queue_kullanimi_freertos\MiddleWares\Third_Party\FreeRTOS\org\Source\include -IC:\Users\ahmet\Atollic\TrueSTUDIO\STM32_workspace_9.3\Queue_kullanimi_freertos\MiddleWares\Third_Party\FreeRTOS\org\Source\portable\GCC\ARM_CM4F -IC:\Users\ahmet\Atollic\TrueSTUDIO\STM32_workspace_9.3\Queue_kullanimi_freertos\MiddleWares\Third_Party\FreeRTOS\org\Source\portable\MemMang -I../Libraries/CMSIS/Include -I../Libraries/Device/STM32F4xx/Include -I../Libraries/STM32F4xx_StdPeriph_Driver/inc -I../Utilities/STM32F4-Discovery -O0 -ffunction-sections -fdata-sections -g -fstack-usage -Wall -specs=nano.specs -o src\stm32f4xx_it.o 
arm-atollic-eabi-gcc -c ..\Libraries\STM32F4xx_StdPeriph_Driver\src\stm32f4xx_cryp_tdes.c -mthumb -mcpu=cortex-m4 -mfloat-abi=hard -mfpu=fpv4-sp-d16 -std=gnu11 -DSTM32F4XX -DSTM32F40XX -DUSE_STDPERIPH_DRIVER -DUSE_STM32F4_DISCOVERY -DHSE_VALUE=8000000 -I../src -IC:\Users\ahmet\Atollic\TrueSTUDIO\STM32_workspace_9.3\Queue_kullanimi_freertos\FreeRTOSConfig -IC:\Users\ahmet\Atollic\TrueSTUDIO\STM32_workspace_9.3\Queue_kullanimi_freertos\MiddleWares\Third_Party\FreeRTOS\org\Source\include -IC:\Users\ahmet\Atollic\TrueSTUDIO\STM32_workspace_9.3\Queue_kullanimi_freertos\MiddleWares\Third_Party\FreeRTOS\org\Source\portable\GCC\ARM_CM4F -IC:\Users\ahmet\Atollic\TrueSTUDIO\STM32_workspace_9.3\Queue_kullanimi_freertos\MiddleWares\Third_Party\FreeRTOS\org\Source\portable\MemMang -I../Libraries/CMSIS/Include -I../Libraries/Device/STM32F4xx/Include -I../Libraries/STM32F4xx_StdPeriph_Driver/inc -I../Utilities/STM32F4-Discovery -O0 -ffunction-sections -fdata-sections -g -fstack-usage -Wall -specs=nano.specs -o Libraries\STM32F4xx_StdPeriph_Driver\src\stm32f4xx_cryp_tdes.o 
arm-atollic-eabi-gcc -c ..\Libraries\STM32F4xx_StdPeriph_Driver\src\stm32f4xx_crc.c -mthumb -mcpu=cortex-m4 -mfloat-abi=hard -mfpu=fpv4-sp-d16 -std=gnu11 -DSTM32F4XX -DSTM32F40XX -DUSE_STDPERIPH_DRIVER -DUSE_STM32F4_DISCOVERY -DHSE_VALUE=8000000 -I../src -IC:\Users\ahmet\Atollic\TrueSTUDIO\STM32_workspace_9.3\Queue_kullanimi_freertos\FreeRTOSConfig -IC:\Users\ahmet\Atollic\TrueSTUDIO\STM32_workspace_9.3\Queue_kullanimi_freertos\MiddleWares\Third_Party\FreeRTOS\org\Source\include -IC:\Users\ahmet\Atollic\TrueSTUDIO\STM32_workspace_9.3\Queue_kullanimi_freertos\MiddleWares\Third_Party\FreeRTOS\org\Source\portable\GCC\ARM_CM4F -IC:\Users\ahmet\Atollic\TrueSTUDIO\STM32_workspace_9.3\Queue_kullanimi_freertos\MiddleWares\Third_Party\FreeRTOS\org\Source\portable\MemMang -I../Libraries/CMSIS/Include -I../Libraries/Device/STM32F4xx/Include -I../Libraries/STM32F4xx_StdPeriph_Driver/inc -I../Utilities/STM32F4-Discovery -O0 -ffunction-sections -fdata-sections -g -fstack-usage -Wall -specs=nano.specs -o Libraries\STM32F4xx_StdPeriph_Driver\src\stm32f4xx_crc.o 
arm-atollic-eabi-gcc -c ..\Libraries\STM32F4xx_StdPeriph_Driver\src\stm32f4xx_pwr.c -mthumb -mcpu=cortex-m4 -mfloat-abi=hard -mfpu=fpv4-sp-d16 -std=gnu11 -DSTM32F4XX -DSTM32F40XX -DUSE_STDPERIPH_DRIVER -DUSE_STM32F4_DISCOVERY -DHSE_VALUE=8000000 -I../src -IC:\Users\ahmet\Atollic\TrueSTUDIO\STM32_workspace_9.3\Queue_kullanimi_freertos\FreeRTOSConfig -IC:\Users\ahmet\Atollic\TrueSTUDIO\STM32_workspace_9.3\Queue_kullanimi_freertos\MiddleWares\Third_Party\FreeRTOS\org\Source\include -IC:\Users\ahmet\Atollic\TrueSTUDIO\STM32_workspace_9.3\Queue_kullanimi_freertos\MiddleWares\Third_Party\FreeRTOS\org\Source\portable\GCC\ARM_CM4F -IC:\Users\ahmet\Atollic\TrueSTUDIO\STM32_workspace_9.3\Queue_kullanimi_freertos\MiddleWares\Third_Party\FreeRTOS\org\Source\portable\MemMang -I../Libraries/CMSIS/Include -I../Libraries/Device/STM32F4xx/Include -I../Libraries/STM32F4xx_StdPeriph_Driver/inc -I../Utilities/STM32F4-Discovery -O0 -ffunction-sections -fdata-sections -g -fstack-usage -Wall -specs=nano.specs -o Libraries\STM32F4xx_StdPeriph_Driver\src\stm32f4xx_pwr.o 
arm-atollic-eabi-gcc -c ..\Libraries\STM32F4xx_StdPeriph_Driver\src\stm32f4xx_i2c.c -mthumb -mcpu=cortex-m4 -mfloat-abi=hard -mfpu=fpv4-sp-d16 -std=gnu11 -DSTM32F4XX -DSTM32F40XX -DUSE_STDPERIPH_DRIVER -DUSE_STM32F4_DISCOVERY -DHSE_VALUE=8000000 -I../src -IC:\Users\ahmet\Atollic\TrueSTUDIO\STM32_workspace_9.3\Queue_kullanimi_freertos\FreeRTOSConfig -IC:\Users\ahmet\Atollic\TrueSTUDIO\STM32_workspace_9.3\Queue_kullanimi_freertos\MiddleWares\Third_Party\FreeRTOS\org\Source\include -IC:\Users\ahmet\Atollic\TrueSTUDIO\STM32_workspace_9.3\Queue_kullanimi_freertos\MiddleWares\Third_Party\FreeRTOS\org\Source\portable\GCC\ARM_CM4F -IC:\Users\ahmet\Atollic\TrueSTUDIO\STM32_workspace_9.3\Queue_kullanimi_freertos\MiddleWares\Third_Party\FreeRTOS\org\Source\portable\MemMang -I../Libraries/CMSIS/Include -I../Libraries/Device/STM32F4xx/Include -I../Libraries/STM32F4xx_StdPeriph_Driver/inc -I../Utilities/STM32F4-Discovery -O0 -ffunction-sections -fdata-sections -g -fstack-usage -Wall -specs=nano.specs -o Libraries\STM32F4xx_StdPeriph_Driver\src\stm32f4xx_i2c.o 
arm-atollic-eabi-gcc -c ..\Libraries\STM32F4xx_StdPeriph_Driver\src\stm32f4xx_wwdg.c -mthumb -mcpu=cortex-m4 -mfloat-abi=hard -mfpu=fpv4-sp-d16 -std=gnu11 -DSTM32F4XX -DSTM32F40XX -DUSE_STDPERIPH_DRIVER -DUSE_STM32F4_DISCOVERY -DHSE_VALUE=8000000 -I../src -IC:\Users\ahmet\Atollic\TrueSTUDIO\STM32_workspace_9.3\Queue_kullanimi_freertos\FreeRTOSConfig -IC:\Users\ahmet\Atollic\TrueSTUDIO\STM32_workspace_9.3\Queue_kullanimi_freertos\MiddleWares\Third_Party\FreeRTOS\org\Source\include -IC:\Users\ahmet\Atollic\TrueSTUDIO\STM32_workspace_9.3\Queue_kullanimi_freertos\MiddleWares\Third_Party\FreeRTOS\org\Source\portable\GCC\ARM_CM4F -IC:\Users\ahmet\Atollic\TrueSTUDIO\STM32_workspace_9.3\Queue_kullanimi_freertos\MiddleWares\Third_Party\FreeRTOS\org\Source\portable\MemMang -I../Libraries/CMSIS/Include -I../Libraries/Device/STM32F4xx/Include -I../Libraries/STM32F4xx_StdPeriph_Driver/inc -I../Utilities/STM32F4-Discovery -O0 -ffunction-sections -fdata-sections -g -fstack-usage -Wall -specs=nano.specs -o Libraries\STM32F4xx_StdPeriph_Driver\src\stm32f4xx_wwdg.o 
arm-atollic-eabi-gcc -c ..\Libraries\STM32F4xx_StdPeriph_Driver\src\stm32f4xx_usart.c -mthumb -mcpu=cortex-m4 -mfloat-abi=hard -mfpu=fpv4-sp-d16 -std=gnu11 -DSTM32F4XX -DSTM32F40XX -DUSE_STDPERIPH_DRIVER -DUSE_STM32F4_DISCOVERY -DHSE_VALUE=8000000 -I../src -IC:\Users\ahmet\Atollic\TrueSTUDIO\STM32_workspace_9.3\Queue_kullanimi_freertos\FreeRTOSConfig -IC:\Users\ahmet\Atollic\TrueSTUDIO\STM32_workspace_9.3\Queue_kullanimi_freertos\MiddleWares\Third_Party\FreeRTOS\org\Source\include -IC:\Users\ahmet\Atollic\TrueSTUDIO\STM32_workspace_9.3\Queue_kullanimi_freertos\MiddleWares\Third_Party\FreeRTOS\org\Source\portable\GCC\ARM_CM4F -IC:\Users\ahmet\Atollic\TrueSTUDIO\STM32_workspace_9.3\Queue_kullanimi_freertos\MiddleWares\Third_Party\FreeRTOS\org\Source\portable\MemMang -I../Libraries/CMSIS/Include -I../Libraries/Device/STM32F4xx/Include -I../Libraries/STM32F4xx_StdPeriph_Driver/inc -I../Utilities/STM32F4-Discovery -O0 -ffunction-sections -fdata-sections -g -fstack-usage -Wall -specs=nano.specs -o Libraries\STM32F4xx_StdPeriph_Driver\src\stm32f4xx_usart.o 
arm-atollic-eabi-gcc -c ..\MiddleWares\Third_Party\FreeRTOS\org\Source\croutine.c -mthumb -mcpu=cortex-m4 -mfloat-abi=hard -mfpu=fpv4-sp-d16 -std=gnu11 -DSTM32F4XX -DSTM32F40XX -DUSE_STDPERIPH_DRIVER -DUSE_STM32F4_DISCOVERY -DHSE_VALUE=8000000 -I../src -IC:\Users\ahmet\Atollic\TrueSTUDIO\STM32_workspace_9.3\Queue_kullanimi_freertos\FreeRTOSConfig -IC:\Users\ahmet\Atollic\TrueSTUDIO\STM32_workspace_9.3\Queue_kullanimi_freertos\MiddleWares\Third_Party\FreeRTOS\org\Source\include -IC:\Users\ahmet\Atollic\TrueSTUDIO\STM32_workspace_9.3\Queue_kullanimi_freertos\MiddleWares\Third_Party\FreeRTOS\org\Source\portable\GCC\ARM_CM4F -IC:\Users\ahmet\Atollic\TrueSTUDIO\STM32_workspace_9.3\Queue_kullanimi_freertos\MiddleWares\Third_Party\FreeRTOS\org\Source\portable\MemMang -I../Libraries/CMSIS/Include -I../Libraries/Device/STM32F4xx/Include -I../Libraries/STM32F4xx_StdPeriph_Driver/inc -I../Utilities/STM32F4-Discovery -O0 -ffunction-sections -fdata-sections -g -fstack-usage -Wall -specs=nano.specs -o MiddleWares\Third_Party\FreeRTOS\org\Source\croutine.o 
arm-atollic-eabi-gcc -c ..\Libraries\STM32F4xx_StdPeriph_Driver\src\stm32f4xx_cryp.c -mthumb -mcpu=cortex-m4 -mfloat-abi=hard -mfpu=fpv4-sp-d16 -std=gnu11 -DSTM32F4XX -DSTM32F40XX -DUSE_STDPERIPH_DRIVER -DUSE_STM32F4_DISCOVERY -DHSE_VALUE=8000000 -I../src -IC:\Users\ahmet\Atollic\TrueSTUDIO\STM32_workspace_9.3\Queue_kullanimi_freertos\FreeRTOSConfig -IC:\Users\ahmet\Atollic\TrueSTUDIO\STM32_workspace_9.3\Queue_kullanimi_freertos\MiddleWares\Third_Party\FreeRTOS\org\Source\include -IC:\Users\ahmet\Atollic\TrueSTUDIO\STM32_workspace_9.3\Queue_kullanimi_freertos\MiddleWares\Third_Party\FreeRTOS\org\Source\portable\GCC\ARM_CM4F -IC:\Users\ahmet\Atollic\TrueSTUDIO\STM32_workspace_9.3\Queue_kullanimi_freertos\MiddleWares\Third_Party\FreeRTOS\org\Source\portable\MemMang -I../Libraries/CMSIS/Include -I../Libraries/Device/STM32F4xx/Include -I../Libraries/STM32F4xx_StdPeriph_Driver/inc -I../Utilities/STM32F4-Discovery -O0 -ffunction-sections -fdata-sections -g -fstack-usage -Wall -specs=nano.specs -o Libraries\STM32F4xx_StdPeriph_Driver\src\stm32f4xx_cryp.o 
[...]
src\main.o: In function `main':
C:\Users\ahmet\Atollic\TrueSTUDIO\STM32_workspace_9.3\semaphore_counting_freertos\Debug/..\src/main.c:54: undefined reference to `Master_Task_Handler'
C:\Users\ahmet\Atollic\TrueSTUDIO\STM32_workspace_9.3\semaphore_counting_freertos\Debug/..\src/main.c:54: undefined reference to `Slave_Task_Handle'
collect2.exe: error: ld returned 1 exit status
14:19:37 **** Incremental Build of configuration Debug for project semaphore_counting_freertos ****
Info: Internal Builder is used for build
arm-atollic-eabi-gcc -c ..\src\main.c -mthumb -mcpu=cortex-m4 -mfloat-abi=hard -mfpu=fpv4-sp-d16 -std=gnu11 -DSTM32F4XX -DSTM32F40XX -DUSE_STDPERIPH_DRIVER -DUSE_STM32F4_DISCOVERY -DHSE_VALUE=8000000 -I../src -IC:\Users\ahmet\Atollic\TrueSTUDIO\STM32_workspace_9.3\semaphore_counting_freertos\FreeRTOSConfig -IC:\Users\ahmet\Atollic\TrueSTUDIO\STM32_workspace_9.3\semaphore_counting_freertos\MiddleWares\Third_Party\FreeRTOS\org\Source\include -IC:\Users\ahmet\Atollic\TrueSTUDIO\STM32_workspace_9.3\semaphore_counting_freertos\MiddleWares\Third_Party\FreeRTOS\org\Source\portable\GCC\ARM_CM4F -IC:\Users\ahmet\Atollic\TrueSTUDIO\STM32_workspace_9.3\semaphore_counting_freertos\MiddleWares\Third_Party\FreeRTOS\org\Source\portable\MemMang -I../Libraries/CMSIS/Include -I../Libraries/Device/STM32F4xx/Include -I../Libraries/STM32F4xx_StdPeriph_Driver/inc -I../Utilities/STM32F4-Discovery -O0 -ffunction-sections -fdata-sections -g -fstack-usage -Wall -specs=nano.specs -o src\main.o 
arm-atollic-eabi-gcc -o semaphore_counting_freertos.elf Libraries\STM32F4xx_StdPeriph_Driver\src\misc.o Libraries\STM32F4xx_StdPeriph_Driver\src\stm32f4xx_adc.o Libraries\STM32F4xx_StdPeriph_Driver\src\stm32f4xx_can.o Libraries\STM32F4xx_StdPeriph_Driver\src\stm32f4xx_crc.o Libraries\STM32F4xx_StdPeriph_Driver\src\stm32f4xx_cryp.o Libraries\STM32F4xx_StdPeriph_Driver\src\stm32f4xx_cryp_aes.o Libraries\STM32F4xx_StdPeriph_Driver\src\stm32f4xx_cryp_des.o Libraries\STM32F4xx_StdPeriph_Driver\src\stm32f4xx_cryp_tdes.o Libraries\STM32F4xx_StdPeriph_Driver\src\stm32f4xx_dac.o Libraries\STM32F4xx_StdPeriph_Driver\src\stm32f4xx_dbgmcu.o Libraries\STM32F4xx_StdPeriph_Driver\src\stm32f4xx_dcmi.o Libraries\STM32F4xx_StdPeriph_Driver\src\stm32f4xx_dma.o Libraries\STM32F4xx_StdPeriph_Driver\src\stm32f4xx_exti.o Libraries\STM32F4xx_StdPeriph_Driver\src\stm32f4xx_flash.o Libraries\STM32F4xx_StdPeriph_Driver\src\stm32f4xx_fsmc.o Libraries\STM32F4xx_StdPeriph_Driver\src\stm32f4xx_gpio.o Libraries\STM32F4xx_StdPeriph_Driver\src\stm32f4xx_hash.o Libraries\STM32F4xx_StdPeriph_Driver\src\stm32f4xx_hash_md5.o Libraries\STM32F4xx_StdPeriph_Driver\src\stm32f4xx_hash_sha1.o Libraries\STM32F4xx_StdPeriph_Driver\src\stm32f4xx_i2c.o Libraries\STM32F4xx_StdPeriph_Driver\src\stm32f4xx_iwdg.o Libraries\STM32F4xx_StdPeriph_Driver\src\stm32f4xx_pwr.o Libraries\STM32F4xx_StdPeriph_Driver\src\stm32f4xx_rcc.o Libraries\STM32F4xx_StdPeriph_Driver\src\stm32f4xx_rng.o Libraries\STM32F4xx_StdPeriph_Driver\src\stm32f4xx_rtc.o Libraries\STM32F4xx_StdPeriph_Driver\src\stm32f4xx_sdio.o Libraries\STM32F4xx_StdPeriph_Driver\src\stm32f4xx_spi.o Libraries\STM32F4xx_StdPeriph_Driver\src\stm32f4xx_syscfg.o Libraries\STM32F4xx_StdPeriph_Driver\src\stm32f4xx_tim.o Libraries\STM32F4xx_StdPeriph_Driver\src\stm32f4xx_usart.o Libraries\STM32F4xx_StdPeriph_Driver\src\stm32f4xx_wwdg.o MiddleWares\Third_Party\FreeRTOS\org\Source\croutine.o MiddleWares\Third_Party\FreeRTOS\org\Source\event_groups.o MiddleWares\Third_Party\FreeRTOS\org\Source\list.o MiddleWares\Third_Party\FreeRTOS\org\Source\portable\GCC\ARM_CM4F\port.o MiddleWares\Third_Party\FreeRTOS\org\Source\portable\MemMang\heap_4.o MiddleWares\Third_Party\FreeRTOS\org\Source\queue.o MiddleWares\Third_Party\FreeRTOS\org\Source\stream_buffer.o MiddleWares\Third_Party\FreeRTOS\org\Source\tasks.o MiddleWares\Third_Party\FreeRTOS\org\Source\timers.o Utilities\STM32F4-Discovery\stm32f4_discovery.o Utilities\STM32F4-Discovery\stm32f4_discovery_audio_codec.o Utilities\STM32F4-Discovery\stm32f4_discovery_lis302dl.o src\main.o src\startup_stm32f40xx.o src\stm32f4xx_it.o src\system_stm32f4xx.o src\tiny_printf.o -mthumb -mcpu=cortex-m4 -mfloat-abi=hard -mfpu=fpv4-sp-d16 -T../stm32f4_flash.ld -specs=nosys.specs -static -Wl,-cref,-u,Reset_Handler -Wl,-Map=semaphore_counting_freertos.map -Wl,--gc-sections -Wl,--defsym=malloc_getpagesize_P=0x80 -Wl,--start-group -lc -lm -Wl,--end-group -specs=nano.specs 
C:\Program Files (x86)\Atollic\TrueSTUDIO for STM32 9.3.0\ide\jre\bin\java -jar C:\Program Files (x86)\Atollic\TrueSTUDIO for STM32 9.3.0\Tools\arm-atollic-reports.jar sizeinfo list semaphore_counting_freertos.elf 
Generate build reports...
Print size information
   text	   data	    bss	    dec	    hex	filename
  13096	     68	  78404	  91568	  165b0	semaphore_counting_freertos.elf
Print size information done
Generate listing file
Output sent to: semaphore_counting_freertos.list
Generate listing file done
Generate build reports done
14:25:44 **** Incremental Build of configuration Debug for project semaphore_counting_freertos ****
Info: Internal Builder is used for build
arm-atollic-eabi-gcc -c ..\src\main.c -mthumb -mcpu=cortex-m4 -mfloat-abi=hard -mfpu=fpv4-sp-d16 -std=gnu11 -DSTM32F4XX -DSTM32F40XX -DUSE_STDPERIPH_DRIVER -DUSE_STM32F4_DISCOVERY -DHSE_VALUE=8000000 -I../src -IC:\Users\ahmet\Atollic\TrueSTUDIO\STM32_workspace_9.3\semaphore_counting_freertos\FreeRTOSConfig -IC:\Users\ahmet\Atollic\TrueSTUDIO\STM32_workspace_9.3\semaphore_counting_freertos\MiddleWares\Third_Party\FreeRTOS\org\Source\include -IC:\Users\ahmet\Atollic\TrueSTUDIO\STM32_workspace_9.3\semaphore_counting_freertos\MiddleWares\Third_Party\FreeRTOS\org\Source\portable\GCC\ARM_CM4F -IC:\Users\ahmet\Atollic\TrueSTUDIO\STM32_workspace_9.3\semaphore_counting_freertos\MiddleWares\Third_Party\FreeRTOS\org\Source\portable\MemMang -I../Libraries/CMSIS/Include -I../Libraries/Device/STM32F4xx/Include -I../Libraries/STM32F4xx_StdPeriph_Driver/inc -I../Utilities/STM32F4-Discovery -O0 -ffunction-sections -fdata-sections -g -fstack-usage -Wall -specs=nano.specs -o src\main.o 
arm-atollic-eabi-gcc -o semaphore_counting_freertos.elf Libraries\STM32F4xx_StdPeriph_Driver\src\misc.o Libraries\STM32F4xx_StdPeriph_Driver\src\stm32f4xx_adc.o Libraries\STM32F4xx_StdPeriph_Driver\src\stm32f4xx_can.o Libraries\STM32F4xx_StdPeriph_Driver\src\stm32f4xx_crc.o Libraries\STM32F4xx_StdPeriph_Driver\src\stm32f4xx_cryp.o Libraries\STM32F4xx_StdPeriph_Driver\src\stm32f4xx_cryp_aes.o Libraries\STM32F4xx_StdPeriph_Driver\src\stm32f4xx_cryp_des.o Libraries\STM32F4xx_StdPeriph_Driver\src\stm32f4xx_cryp_tdes.o Libraries\STM32F4xx_StdPeriph_Driver\src\stm32f4xx_dac.o Libraries\STM32F4xx_StdPeriph_Driver\src\stm32f4xx_dbgmcu.o Libraries\STM32F4xx_StdPeriph_Driver\src\stm32f4xx_dcmi.o Libraries\STM32F4xx_StdPeriph_Driver\src\stm32f4xx_dma.o Libraries\STM32F4xx_StdPeriph_Driver\src\stm32f4xx_exti.o Libraries\STM32F4xx_StdPeriph_Driver\src\stm32f4xx_flash.o Libraries\STM32F4xx_StdPeriph_Driver\src\stm32f4xx_fsmc.o Libraries\STM32F4xx_StdPeriph_Driver\src\stm32f4xx_gpio.o Libraries\STM32F4xx_StdPeriph_Driver\src\stm32f4xx_hash.o Libraries\STM32F4xx_StdPeriph_Driver\src\stm32f4xx_hash_md5.o Libraries\STM32F4xx_StdPeriph_Driver\src\stm32f4xx_hash_sha1.o Libraries\STM32F4xx_StdPeriph_Driver\src\stm32f4xx_i2c.o Libraries\STM32F4xx_StdPeriph_Driver\src\stm32f4xx_iwdg.o Libraries\STM32F4xx_StdPeriph_Driver\src\stm32f4xx_pwr.o Libraries\STM32F4xx_StdPeriph_Driver\src\stm32f4xx_rcc.o Libraries\STM32F4xx_StdPeriph_Driver\src\stm32f4xx_rng.o Libraries\STM32F4xx_StdPeriph_Driver\src\stm32f4xx_rtc.o Libraries\STM32F4xx_StdPeriph_Driver\src\stm32f4xx_sdio.o Libraries\STM32F4xx_StdPeriph_Driver\src\stm32f4xx_spi.o Libraries\STM32F4xx_StdPeriph_Driver\src\stm32f4xx_syscfg.o Libraries\STM32F4xx_StdPeriph_Driver\src\stm32f4xx_tim.o Libraries\STM32F4xx_StdPeriph_Driver\src\stm32f4xx_usart.o Libraries\STM32F4xx_StdPeriph_Driver\src\stm32f4xx_wwdg.o MiddleWares\Third_Party\FreeRTOS\org\Source\croutine.o MiddleWares\Third_Party\FreeRTOS\org\Source\event_groups.o MiddleWares\Third_Party\FreeRTOS\org\Source\list.o MiddleWares\Third_Party\FreeRTOS\org\Source\portable\GCC\ARM_CM4F\port.o MiddleWares\Third_Party\FreeRTOS\org\Source\portable\MemMang\heap_4.o MiddleWares\Third_Party\FreeRTOS\org\Source\queue.o MiddleWares\Third_Party\FreeRTOS\org\Source\stream_buffer.o MiddleWares\Third_Party\FreeRTOS\org\Source\tasks.o MiddleWares\Third_Party\FreeRTOS\org\Source\timers.o Utilities\STM32F4-Discovery\stm32f4_discovery.o Utilities\STM32F4-Discovery\stm32f4_discovery_audio_codec.o Utilities\STM32F4-Discovery\stm32f4_discovery_lis302dl.o src\main.o src\startup_stm32f40xx.o src\stm32f4xx_it.o src\system_stm32f4xx.o src\tiny_printf.o -mthumb -mcpu=cortex-m4 -mfloat-abi=hard -mfpu=fpv4-sp-d16 -T../stm32f4_flash.ld -specs=nosys.specs -static -Wl,-cref,-u,Reset_Handler -Wl,-Map=semaphore_counting_freertos.map -Wl,--gc-sections -Wl,--defsym=malloc_getpagesize_P=0x80 -Wl,--start-group -lc -lm -Wl,--end-group -specs=nano.specs 
C:\Program Files (x86)\Atollic\TrueSTUDIO for STM32 9.3.0\ide\jre\bin\java -jar C:\Program Files (x86)\Atollic\TrueSTUDIO for STM32 9.3.0\Tools\arm-atollic-reports.jar sizeinfo list semaphore_counting_freertos.elf 
Generate build reports...
Print size information
   text	   data	    bss	    dec	    hex	filename
  13096	     68	  78404	  91568	  165b0	semaphore_counting_freertos.elf
Print size information done
Generate listing file
Output sent to: semaphore_counting_freertos.list
Generate listing file done
Generate build reports done
14:48:31 **** Incremental Build of configuration Debug for project semaphore_counting_freertos ****
Info: Internal Builder is used for build
arm-atollic-eabi-gcc -c ..\src\main.c -mthumb -mcpu=cortex-m4 -mfloat-abi=hard -mfpu=fpv4-sp-d16 -std=gnu11 -DSTM32F4XX -DSTM32F40XX -DUSE_STDPERIPH_DRIVER -DUSE_STM32F4_DISCOVERY -DHSE_VALUE=8000000 -I../src -IC:\Users\ahmet\Atollic\TrueSTUDIO\STM32_workspace_9.3\semaphore_counting_freertos\FreeRTOSConfig -IC:\Users\ahmet\Atollic\TrueSTUDIO\STM32_workspace_9.3\semaphore_counting_freertos\MiddleWares\Third_Party\FreeRTOS\org\Source\include -IC:\Users\ahmet\Atollic\TrueSTUDIO\STM32_workspace_9.3\semaphore_counting_freertos\MiddleWares\Third_Party\FreeRTOS\org\Source\portable\GCC\ARM_CM4F -IC:\Users\ahmet\Atollic\TrueSTUDIO\STM32_workspace_9.3\semaphore_counting_freertos\MiddleWares\Third_Party\FreeRTOS\org\Source\portable\MemMang -I../Libraries/CMSIS/Include -I../Libraries/Device/STM32F4xx/Include -I../Libraries/STM32F4xx_StdPeriph_Driver/inc -I../Utilities/STM32F4-Discovery -O0 -ffunction-sections -fdata-sections -g -fstack-usage -Wall -specs=nano.specs -o src\main.o 
arm-atollic-eabi-gcc -o semaphore_counting_freertos.elf Libraries\STM32F4xx_StdPeriph_Driver\src\misc.o Libraries\STM32F4xx_StdPeriph_Driver\src\stm32f4xx_adc.o Libraries\STM32F4xx_StdPeriph_Driver\src\stm32f4xx_can.o Libraries\STM32F4xx_StdPeriph_Driver\src\stm32f4xx_crc.o Libraries\STM32F4xx_StdPeriph_Driver\src\stm32f4xx_cryp.o Libraries\STM32F4xx_StdPeriph_Driver\src\stm32f4xx_cryp_aes.o Libraries\STM32F4xx_StdPeriph_Driver\src\stm32f4xx_cryp_des.o Libraries\STM32F4xx_StdPeriph_Driver\src\stm32f4xx_cryp_tdes.o Libraries\STM32F4xx_StdPeriph_Driver\src\stm32f4xx_dac.o Libraries\STM32F4xx_StdPeriph_Driver\src\stm32f4xx_dbgmcu.o Libraries\STM32F4xx_StdPeriph_Driver\src\stm32f4xx_dcmi.o Libraries\STM32F4xx_StdPeriph_Driver\src\stm32f4xx_dma.o Libraries\STM32F4xx_StdPeriph_Driver\src\stm32f4xx_exti.o Libraries\STM32F4xx_StdPeriph_Driver\src\stm32f4xx_flash.o Libraries\STM32F4xx_StdPeriph_Driver\src\stm32f4xx_fsmc.o Libraries\STM32F4xx_StdPeriph_Driver\src\stm32f4xx_gpio.o Libraries\STM32F4xx_StdPeriph_Driver\src\stm32f4xx_hash.o Libraries\STM32F4xx_StdPeriph_Driver\src\stm32f4xx_hash_md5.o Libraries\STM32F4xx_StdPeriph_Driver\src\stm32f4xx_hash_sha1.o Libraries\STM32F4xx_StdPeriph_Driver\src\stm32f4xx_i2c.o Libraries\STM32F4xx_StdPeriph_Driver\src\stm32f4xx_iwdg.o Libraries\STM32F4xx_StdPeriph_Driver\src\stm32f4xx_pwr.o Libraries\STM32F4xx_StdPeriph_Driver\src\stm32f4xx_rcc.o Libraries\STM32F4xx_StdPeriph_Driver\src\stm32f4xx_rng.o Libraries\STM32F4xx_StdPeriph_Driver\src\stm32f4xx_rtc.o Libraries\STM32F4xx_StdPeriph_Driver\src\stm32f4xx_sdio.o Libraries\STM32F4xx_StdPeriph_Driver\src\stm32f4xx_spi.o Libraries\STM32F4xx_StdPeriph_Driver\src\stm32f4xx_syscfg.o Libraries\STM32F4xx_StdPeriph_Driver\src\stm32f4xx_tim.o Libraries\STM32F4xx_StdPeriph_Driver\src\stm32f4xx_usart.o Libraries\STM32F4xx_StdPeriph_Driver\src\stm32f4xx_wwdg.o MiddleWares\Third_Party\FreeRTOS\org\Source\croutine.o MiddleWares\Third_Party\FreeRTOS\org\Source\event_groups.o MiddleWares\Third_Party\FreeRTOS\org\Source\list.o MiddleWares\Third_Party\FreeRTOS\org\Source\portable\GCC\ARM_CM4F\port.o MiddleWares\Third_Party\FreeRTOS\org\Source\portable\MemMang\heap_4.o MiddleWares\Third_Party\FreeRTOS\org\Source\queue.o MiddleWares\Third_Party\FreeRTOS\org\Source\stream_buffer.o MiddleWares\Third_Party\FreeRTOS\org\Source\tasks.o MiddleWares\Third_Party\FreeRTOS\org\Source\timers.o Utilities\STM32F4-Discovery\stm32f4_discovery.o Utilities\STM32F4-Discovery\stm32f4_discovery_audio_codec.o Utilities\STM32F4-Discovery\stm32f4_discovery_lis302dl.o src\main.o src\startup_stm32f40xx.o src\stm32f4xx_it.o src\system_stm32f4xx.o src\tiny_printf.o -mthumb -mcpu=cortex-m4 -mfloat-abi=hard -mfpu=fpv4-sp-d16 -T../stm32f4_flash.ld -specs=nosys.specs -static -Wl,-cref,-u,Reset_Handler -Wl,-Map=semaphore_counting_freertos.map -Wl,--gc-sections -Wl,--defsym=malloc_getpagesize_P=0x80 -Wl,--start-group -lc -lm -Wl,--end-group -specs=nano.specs 
C:\Program Files (x86)\Atollic\TrueSTUDIO for STM32 9.3.0\ide\jre\bin\java -jar C:\Program Files (x86)\Atollic\TrueSTUDIO for STM32 9.3.0\Tools\arm-atollic-reports.jar sizeinfo list semaphore_counting_freertos.elf 
Generate build reports...
Print size information
   text	   data	    bss	    dec	    hex	filename
  15060	     68	  78504	  93632	  16dc0	semaphore_counting_freertos.elf
Print size information done
Generate listing file
Output sent to: semaphore_counting_freertos.list
Generate listing file done
Generate build reports done
14:48:41 **** Incremental Build of configuration Debug for project semaphore_counting_freertos ****
Info: Internal Builder is used for build
arm-atollic-eabi-gcc -c ..\src\main.c -mthumb -mcpu=cortex-m4 -mfloat-abi=hard -mfpu=fpv4-sp-d16 -std=gnu11 -DSTM32F4XX -DSTM32F40XX -DUSE_STDPERIPH_DRIVER -DUSE_STM32F4_DISCOVERY -DHSE_VALUE=8000000 -I../src -IC:\Users\ahmet\Atollic\TrueSTUDIO\STM32_workspace_9.3\semaphore_counting_freertos\FreeRTOSConfig -IC:\Users\ahmet\Atollic\TrueSTUDIO\STM32_workspace_9.3\semaphore_counting_freertos\MiddleWares\Third_Party\FreeRTOS\org\Source\include -IC:\Users\ahmet\Atollic\TrueSTUDIO\STM32_workspace_9.3\semaphore_counting_freertos\MiddleWares\Third_Party\FreeRTOS\org\Source\portable\GCC\ARM_CM4F -IC:\Users\ahmet\Atollic\TrueSTUDIO\STM32_workspace_9.3\semaphore_counting_freertos\MiddleWares\Third_Party\FreeRTOS\org\Source\portable\MemMang -I../Libraries/CMSIS/Include -I../Libraries/Device/STM32F4xx/Include -I../Libraries/STM32F4xx_StdPeriph_Driver/inc -I../Utilities/STM32F4-Discovery -O0 -ffunction-sections -fdata-sections -g -fstack-usage -Wall -specs=nano.specs -o src\main.o 
arm-atollic-eabi-gcc -o semaphore_counting_freertos.elf Libraries\STM32F4xx_StdPeriph_Driver\src\misc.o Libraries\STM32F4xx_StdPeriph_Driver\src\stm32f4xx_adc.o Libraries\STM32F4xx_StdPeriph_Driver\src\stm32f4xx_can.o Libraries\STM32F4xx_StdPeriph_Driver\src\stm32f4xx_crc.o Libraries\STM32F4xx_StdPeriph_Driver\src\stm32f4xx_cryp.o Libraries\STM32F4xx_StdPeriph_Driver\src\stm32f4xx_cryp_aes.o Libraries\STM32F4xx_StdPeriph_Driver\src\stm32f4xx_cryp_des.o Libraries\STM32F4xx_StdPeriph_Driver\src\stm32f4xx_cryp_tdes.o Libraries\STM32F4xx_StdPeriph_Driver\src\stm32f4xx_dac.o Libraries\STM32F4xx_StdPeriph_Driver\src\stm32f4xx_dbgmcu.o Libraries\STM32F4xx_StdPeriph_Driver\src\stm32f4xx_dcmi.o Libraries\STM32F4xx_StdPeriph_Driver\src\stm32f4xx_dma.o Libraries\STM32F4xx_StdPeriph_Driver\src\stm32f4xx_exti.o Libraries\STM32F4xx_StdPeriph_Driver\src\stm32f4xx_flash.o Libraries\STM32F4xx_StdPeriph_Driver\src\stm32f4xx_fsmc.o Libraries\STM32F4xx_StdPeriph_Driver\src\stm32f4xx_gpio.o Libraries\STM32F4xx_StdPeriph_Driver\src\stm32f4xx_hash.o Libraries\STM32F4xx_StdPeriph_Driver\src\stm32f4xx_hash_md5.o Libraries\STM32F4xx_StdPeriph_Driver\src\stm32f4xx_hash_sha1.o Libraries\STM32F4xx_StdPeriph_Driver\src\stm32f4xx_i2c.o Libraries\STM32F4xx_StdPeriph_Driver\src\stm32f4xx_iwdg.o Libraries\STM32F4xx_StdPeriph_Driver\src\stm32f4xx_pwr.o Libraries\STM32F4xx_StdPeriph_Driver\src\stm32f4xx_rcc.o Libraries\STM32F4xx_StdPeriph_Driver\src\stm32f4xx_rng.o Libraries\STM32F4xx_StdPeriph_Driver\src\stm32f4xx_rtc.o Libraries\STM32F4xx_StdPeriph_Driver\src\stm32f4xx_sdio.o Libraries\STM32F4xx_StdPeriph_Driver\src\stm32f4xx_spi.o Libraries\STM32F4xx_StdPeriph_Driver\src\stm32f4xx_syscfg.o Libraries\STM32F4xx_StdPeriph_Driver\src\stm32f4xx_tim.o Libraries\STM32F4xx_StdPeriph_Driver\src\stm32f4xx_usart.o Libraries\STM32F4xx_StdPeriph_Driver\src\stm32f4xx_wwdg.o MiddleWares\Third_Party\FreeRTOS\org\Source\croutine.o MiddleWares\Third_Party\FreeRTOS\org\Source\event_groups.o MiddleWares\Third_Party\FreeRTOS\org\Source\list.o MiddleWares\Third_Party\FreeRTOS\org\Source\portable\GCC\ARM_CM4F\port.o MiddleWares\Third_Party\FreeRTOS\org\Source\portable\MemMang\heap_4.o MiddleWares\Third_Party\FreeRTOS\org\Source\queue.o MiddleWares\Third_Party\FreeRTOS\org\Source\stream_buffer.o MiddleWares\Third_Party\FreeRTOS\org\Source\tasks.o MiddleWares\Third_Party\FreeRTOS\org\Source\timers.o Utilities\STM32F4-Discovery\stm32f4_discovery.o Utilities\STM32F4-Discovery\stm32f4_discovery_audio_codec.o Utilities\STM32F4-Discovery\stm32f4_discovery_lis302dl.o src\main.o src\startup_stm32f40xx.o src\stm32f4xx_it.o src\system_stm32f4xx.o src\tiny_printf.o -mthumb -mcpu=cortex-m4 -mfloat-abi=hard -mfpu=fpv4-sp-d16 -T../stm32f4_flash.ld -specs=nosys.specs -static -Wl,-cref,-u,Reset_Handler -Wl,-Map=semaphore_counting_freertos.map -Wl,--gc-sections -Wl,--defsym=malloc_getpagesize_P=0x80 -Wl,--start-group -lc -lm -Wl,--end-group -specs=nano.specs 
C:\Program Files (x86)\Atollic\TrueSTUDIO for STM32 9.3.0\ide\jre\bin\java -jar C:\Program Files (x86)\Atollic\TrueSTUDIO for STM32 9.3.0\Tools\arm-atollic-reports.jar sizeinfo list semaphore_counting_freertos.elf 
Generate build reports...
Print size information
   text	   data	    bss	    dec	    hex	filename
  15060	     68	  78504	  93632	  16dc0	semaphore_counting_freertos.elf
Print size information done
Generate listing file
Output sent to: semaphore_counting_freertos.list
Generate listing file done
Generate build reports done
